+CUiLDiKEVLbGhD7CYyHyKK6fAoq+ZmDq9ORmGd+jS8jziXE81Q52opDobMia2DWaC8Wb2YijgDmOh9daYVDy6FGPukaXYOB+6vf/pbNqhoxYW14BGzZULb8BNNIIPgCWittNCp+T3m38+rku0GV52R0G4F79B8zyHslC8363tW/s9crMSf+saeu0g==
1uy1Fszg5npyXvTaYOp2ljAaTy/e2QC91MouqagsOIT6VrGr9b21Yfij8I9mJvNsZNK62MUmrjVChOY5In2rkfOr1+6+7ZLK6aGViNzMceA+fIyjIECgsuLrteTSnqdpv/Pi9NMh7bc8NKMxoxT3w0D7rbtlWoalx/OPewkH1qGvrto=
aS2HdFL0IfH+hw2gxwrwu5ObfxYlq3jof/29q1sf4EzxJO1JMAg+X2dB/fCSeYqfK+2MmQMgLOfd76mCPXk0QXbIrnKjNEUWm78HFTcFsrMbSAauQbhu8vBMd+5MMSjUbN3gVdnFWSt9uszFUC5j8f+MPgTDdHRchneSyMJ2CPv/gFA2VX2Vs0hgIQnv03akSfXBHMUXylvnr1eSZCGto4Wfy6+k9YWu8A==
/mV7t2vK7pZ7KZ2c4PMNWac8o8LyeLSzEnqX53bs8abp7Ce/66rYzYpSwstiN1JGoieD9TxDm5nBGi9Ma+rUjdmr7M6JoLrXwHDuMWyhiQNkiWQ1M3AmCUJ2t2ATf25AtXQxu7w2o0j4Fi2vC2Bxpp5PUzALapny+ydfUK4n
0sm0O4VSh2ueh1u/Z34fOmKWq/ncGEYCSRxsifk2oei7CXx7woNzMvYYGUI5KO+Ly5/QyZo2qr8iQzoiMqMLQZz3U10R/se4ax48aQlvJHopFDJTUBSGRSzV4Wd0jWwBE0TuzZKSX5STi4akZbD5j5wCq0zockXbSxQZwg7L24Sr3lE2K8O3pK7T
akq1tmRQ8k8tGWvXDgYvsmKWq/ncGEYCSRxsifk2oei7GHR1xIxyYPYYGUI5KO+Ly5DQyZo2qr8iQzoiMqMLQZz3U10R/se4ax48aQlvJHopFDJTUBSGRSzV4Wd0jWwBE0TuzZKSX5STi4akZbD5j5wCq0zockXbSxQZwg7L24Sr3lE2K8O3pK7T
Qj0ynd/w3QOhTlHvv37/2MwjETBLwNMbMbLerdPqjHyNYYi+wsLj3cwcblYNWMpLaZbivtoMORbGiY70doyxBmkM55/rxZhtCrIC62IXEiYih0MVPGPb+UG676xrChQtWcus7olAendAEK4RbIFJ4+QpJFUzUObpwtb3ABMfLuA1lPGbvFbj6Hj27Y8LQDHGHu+T0AtK2ZJ7h5+wrsc=
Lq6O2LaSjSEPxzOCsllyDV8kLBlgNJPxrewOUdQyX0GSFE/yaoTBFvv/p5WXRdKz849kLuF4TvKQjJdu7HEI1EydgNU5BXkrXXosRTBuQ/HfzJ6EI7QUXKa3Mkiituj7n8DwtvU99bOooIGJTxOWpCm1IZxlV+pbB+83EsThjaOlXysvxLWlrtA=
5lEJqch8lU6qu6lkXt1A74zsNBpHqiwVBGUORgpFIigvxlMcV60XFEMyruR2nJH2qVyHL2s9OT1KguL7YgdyFuJX42W80zspAcrPvGsaNF0ZG0xeCTDap4AgzgFskanTpHmEpbPghrkCJtcQEw8OEPXEkSs8pkO4OMYNnwtQUfbePzOgi/o5Qjv3v6Cu1w==
UBaRQjWnqvWH8EuUpv4rN/+pdho28ZrQsdGPiHQ5kQwjwyWrlTpQwINWubsdXU2xIGNDOz5GmxzsUjJobYZ2xbpEPukaXYOB+6vf/pbNqhoxYW14BGzZULb8BNNIIPgCWittNCp+T3m38+rku0GV52R0G4F79B8zyHslC8363tW/s9crMSf+saeu0g==
4R9500+dgCew08a3uSnCf+Sdns6KzbJQT57j1IhvqZ4mQb7sdpSBzomEd+er94llKvpyc+KP4u4Cj1Mt/JtLcSHy37RrEiRlOUM8Fkl4an9g2F6J7Bk5q8QhNG1zKHZhIh7HGBMHHijVHGHj/G7z4Fi+nReL2MEOPueD6MuySRobz6+ort8=
jwpLO33MaxlNJCW8tdBMxW9KpL9Zp5qHYerqRzXGqBbz77/1/zWq86LdzI5ZyMZyGHxvjgSh0BR0raj1IRVxK1VqNGUYXnsxBxx2ZNtEnNwuB4roCuawu+ewmNbtLf2zoLCZaafjbmTxZYk83edi24+fT3KssdXjnW8DD9ylra7Y
ih9zL0NTpKIwsI4vMNKwUFMlIBR5ddq5svtXXJhtABOQDQ7yaoTBFvv/p5WXRdKz8o5kLuF4TvKQjJdu7HEI1EydgNU5BXkrXXosRTBuQ/HfzJ6EI7QUXKa3Mkiituj7n8DwtvU99bOooIGJTxOWpCm1IZxlV+pbB+83EsThjaOlXysvxLWlrtA=
FEBoDDzsDuWzn4LRATCe/6ajww2EWweqsgwL2RHNkjwafWvrfdCE6bxAszev0BgyQvjqt/llHsKrfEgxuwpVqG599Fz5iCmcWL6oX56HhMdEI3i+C3fkTu14sUvTiiCPgFG1wYHLq93iQS2fOF5Jf7dWYcvFfSVBKCPOaxnm4wzU0sp41WYeFTIENlmyvdsxI6sHTs4tAqo5IeWobIxhQE58PMMwgNBS0mtlxEJelwlv87IU42F9l2y0k1FTVOcj8PtdG3WaNoU3c9+bmUcmAf+uig==
bkN6LZY5+bnEMVhGT7bvQ1Ry14mvaveostSSetlT8XXrBEwA3OodxVr48sfhRTYy47yAYVOq7TgW/UzMAeiBTBB+4G9255z3XCNgjhMXDH6luPmbe+rYHzjRzVE5a0ONKoFlbxB+UQ+vVnk73V0NMeBjgb1xRlucLFJy6K2GtkX6RP5p2l3DATurH37WzWqa8WEt+MRsGdD2/MRTiCC4gporrbRqfo/5d/OqZPtBVWckdFsBu/Rfs4h75YuN+p5Vf7OXq3EnPjHnrpI=
KMdMLCYchrwMOaFBUDlPCeOVmmoBJ1mCwis8sdal4PbvXGBt/8J1s5PubzZEIeLLzRH/Ub/xDZYxGUoOhdq2cg180fpT7VsgMwiiVKaJwomOvLoR14es7VdzyTxrLuu06JchfVhc+e6W3Si2SrMM35U5vH/wh2MeKiOKkDPCU2ESGg3ixWmMOM8CUJDJbSteLdwG+YfCG0TVmHOBm7Ku+Q==
dwoCh1c5JblA7Yj88+VIRkIJ9qiC1V62Xkmzq7YezIWumeDy51BweefeVde7Al9CfN2ijwXdrwVnLW0y2bU6un1mNvaF8EFuy3H7xJtkEqAe9QJNxvBqxY/bTMk/XzkIExLrsOCbMWlAQNmKvjEYwnJPTJtd9ewrKFsDusKP+iTLftPlmpaddl31LNxnbuBkcRHrmmWQ1i3fnvtgvbSDteOOrv0=
zU/7cvqsfC3SRh+lF98WxuzkgRUE7WHFOeDpB9k6m1AAIB5gc2XT9PRhod1eIZnT9wJqMh6XTht40cL1qzMeRh+TwZYXJ5Plg20uE23h3/71QCKyPHQDPphZFDRw9RRlzd1VK3Gi2PWkBn8Rw+Tq1LdMuBzKjyaYFt50W2Po5MbB5RkzxPi1eVs76gS1XZXMcW8Gm6uXo8IwyZHDmbe/n7Dtia78
QtwfVNR3R3Im7k7OYzSkens7SeOYinzjK6ZccY5RiB/Un6Kf4PDjTnhz2yhFxa8sJ3iQ+4JtIaOH7zt7nQCte+LgMaB2tEEuCSQ3x6sWTwqqWrKT4u+iToJvE038u4vRoZKflGsyZAW54/w2SRgqn+B4Huns+fkLREH0jXMINsGi/gc4EyfeyFW8IcP8jjOA2B5d94u4ga6+B8OIy5KJupuv74iu/w==
3paGYS6NTIJueEBA9rflJ2uo6Zlg9sDpvPzXueuyQLV146XzNqqqNlhZN5Z/d1sFO/1205Tdx549sIoyVMTLHoApLPSoZWzFBQ19K1lyEFXclqfR+5Ty9H/80Jxif+74Du6Mmzt4XCYJtXEzLCj9GeOrMkTNbY0sOR+uG0Mn6+IoOamDwSdHP/i9oa7U
F19kPjB9PmbaDn29rP09X/qAhOXohiQhQr2WVPLmzzuxpytTv8q2Wl0EcXKjNRtPIjFCnBYRQiFeRJoZp99sBcfLqXRbNuucuO+B9aiEuYaG5ch++iuMd0XBnHeA36P2upvq2APaU0lCYq1qNbHMUN86sFh59av2/SQm8fea26xFIBPJq6qu0Q==
p94Juf5XO8m5PPXmqGJucIv68W/98WpjgtI2LjVoITb7aTtYKj1yuC4tgpX26AqdP0OM0Q8HWZCjyutoUANRMXBYGRIOaXjaQpfMQ23tjHOYw8Oi8teavHum0z0qDv0ube3sRNc2gHxByWtCVYi2dW8GO3iN7OMtU1auJQ==
fT7pde3U+6EBJmpu4GKS1FNZ4ZiKEgDgs1aJm82dnVGw47bcwIZr/PxSIkhdRsZlCsSuSUod0+GLq6+exo36uqHh3di0rOlwpvwUM7jgCOKqq/3U+r6fWYfz2sTrAcWH9PRr4Qu0b1PYezUr/bpudQ8zR4vh5y5RV64i
KZ0saV5CKhWNLbgNU2CizIn68X7/525jgtI2LjVoITb7aTtWKj1yuC4tgpX26AqdP0OM0Q8HWZCjyutoUANRMXBYGRIOaXjaQpfMQ23tjHOYw8Oi8teavHum0z0qDv0ube3sRNc2gHxByWtCVYi2dW8GO3iN7OMtU1auJQ==
wCHqk/zEyFmA26n2k9fdc1NZ546WDwDgs1aJm82dnVGw47jcwIZr/PxSIkhdRsZlCsSuSUod0+GLq6+exo36uqHh3di0rOlwpvwUM7jgCOKqq/3U+r6fWYfz2sTrAcWH9PRr4Qu0b1PYezUr/bpudQ8zR4vh5y5RV64i
htgU8c881PdDw/kCYSJa6VNZ5piECgDgs1aJm82dnVGw47HdwIZr/PxSIkhdRsZlCsSuSUod0+GLq6+exo36uqHh3di0rOlwpvwUM7jgCOKqq/3U+r6fWYfz2sTrAcWH9PRr4Qu0b1PYezUr/bpudQ8zR4vh5y5RV64i
Dta8mgXu9DNjr1JxJxBAsNG7alYX6DxJUSJcGRcKZnsS5Wt1AeFJUBRx/rQ1n8PYrWG9cDBrZXgysc72IwR2GMxX42W80zspAcrPvGsaNF0ZG0xeCTDap4AgzgFskanTpHmEpbPghrkCJtcQEw8OEPXEkSs8pkO4OMYNnAtQUfbePzOgi/o5Qjv3v6Cu1w==
YzXatNe+kA8liK78rHFeL9K3JEcT/nVXVT1aFQpDayk8wQVPSK0LAUkr/uR7kf7/oVv0PHA0OjtKguL7YgdyFuJX42W80zspAcrPvGsaNF0ZG0xeCTDap4AgzgFskanTpHmEpbPghrkCJtcQEw8OEPXEkSs8pkO4OMYNnQtQUfbePzOgi/o5Qjv3v6Cu1w==
iv3oo6ZBbSsX/cxUTD2s8Te4rV5m8pb8orLIbox/rYWCMODaz9PneAQRAMwk5A1PdXXF0BdJdXD7BVab8Z886FogMj9aZsqvIlPa8nLTa/EcB/PtUa7nqGsOHDlJ34SKqaRSIxDEZlUsxYE3tH2MsZM0Tn1SQn+Ek5umdKUAWf8csku8KCIlyUsE+RJOu7s0Ky7xhmuTl7Suww==
pXllH4ho6C7pny1sBIF9eJ/klhUEqWHROJvpDp4KhXM1AzVCdVud8MUurdoXEsbB+wklOlCNCkRvzcLVq3pbbCy92owTNOmQ5VRkWXGkgpXGbALMG0EHPa1XDzZw9RRlzd1VK3Gi2PWkBn8Rw+Tq1LdMuBzKjyaYFt50W2Po5MbB5RkzxPi1eVs76gS1XZXMcW8Em6uXo8IwyZHDmbe/n7Dtia78
Rw71kc//lMvwJ+HKM+42BZ/klhUEqWHROJvpDp4KhXM1AzVCdVud8MUurdoXEsbB+wklOlCNCkRvzcLVq3pbbCy92owTNOmQ5VRkWXGkgpXGbALMG0EHPa1XDzZw9RRlzd1VK3Gi2PWkBn8Rw+Tq1LdMuBzKjyaYFt50W2Po5MbB5RkzxPi1eVs76gS1XZXMcW8Lm6uXo8IwyZHDmbe/n7Dtia78
1pW7FuOa/kDggTBGJ/IFHzisMvNcYdexF9FbSvOaKi5RiaqA7QcSmcGabTElRBGIPS159h2wpU/cw6zIyYcfwF2Ws5KtRmzDgmUCdsYf3F8PK+M6fSsQcUdZdaLnMxTbW2drwv8qG1SyZ9jOQywJ6LGYjpGPx1nQIwrrqNBDUfHwGBnSjil4GsLXzAPtLYwzGAPD4nIXmvz7ZtP9qk797u2t7IRXdoC8wYxqAtVItjXvxjs4DSzjbdOWruU=
LCbLH1UBrjkAh5ROnyEzrrcLFekj4QT0up2yxPX9gLBrucsMzRJ9N9vmgfM8EgNTvrYui1c9GgNVDZcvyBElU3nRqKY+LDO/ZnMPH0PrcbNfaNSoSDK9gK5g5ryua4nTgsQ2nQSVufEyGLS5EpOBAVP/IzjqSKWlfdW3Y72mgoHObfcZN6sTZuL9fnKNgXHQ8DzNqDq8COvc8MxqxosRHP4Oe2H7cyb8j7HBz5jUh2lPpIsLwbqpc9kqqn2j02vDZRcKKeuung==
zMHSxCB3BrOwlN9WRsA4bt8Te6SIm5Pv48bEmKqczxmrh1ehzu8Aen3jkiEH2zBcmMX2WteS5YJkNtdUKJL2oKG2Kr3eZBrx5k2Pif+r2/aa3VYCFUEJAFhcFZhyPMCbBFCkuv7LiayW7sPxM3NubDfRKX8AFL85pwTT+4g6YUOBygItW5PzM0038rmjrtY=
qjzXKpoPwuZDASeNTyoGlzg7SLjITHkZYn8sfE/S2xBjAyfbRCyX/QsiO9O6senhKMqh74xlMuhOXYLllrhKzZ/zDGGv15lAQzrrmLDTkeHQ6Jmirjk4iiLnzDMNvcwjOHNDElIHWmybVtPNyt49/s1dbPR3ZsAsIb1qMjXY9iXPtrvILTwj/bOmrtU=
xgfMe4ltDImqkWyynhiT8N/4242Yog+Y1FQMv6lj2N23iAxpRuYQl1yK23QIqlWSytwJmm7zKwzr1uHOC5snbK4b
ozLdTJbU5wLcF+Englq2HRyrzqfl9NBktp70qN8cbH60soyls4gSxMR63fQL0wcrqsTasxvd8Th9Wc0uXtO0i7Yqi3Kvgre6QQq9xn4r6wFhov+kawIENXkznKbJiIrPIIg+mewJ2XsEkVQd85jWkeLO5wgTFz74FezBU3wek1CYbn0GisihXn5XYxhLAulqW5+PuK7P
Zom/o1/yZrm6XCoaKTVhEWk8ambRf4O7faKNWLzcclKEwmoaMgErCvP7aIOs2hQP9AECbQRSKKF2i8Bthy9GL5XCfG7ovg3JLG9ePUKFZJYt/dvTRoWFkE7hx9mOKFL6N3lC7wce0VLIuYS0gJWkpb39RSthgqg1FGaPkVMEupRnLIgcuq/22MZ+5NvTSBSG8QUJM9SYhbkrm1qEJf3FDCFP9pqbd/MC4KkBQ+lXD99AzZmu7A==
BfJ6GsQ75Cvs9rdsOOsxUh5hpJUnE6jvXt87ajVlP4YeKiey9ikh7+/oJFluRv0NpHTbATv037MIemWLDfoeVf+zF6vxJ74xZ64S
tubjMVOMD0+Yddt2L3pPiTfV4vL36NM2V8nVOpp5U2epHx8aHX/Ntemwg0BOVRSlRuRRb28l1JRBTSVcOzqu3ahyWBdPYmB6teI6BHXdVcwx70aa6xfjwnBJ0cPZN3+fcG1Jrjw=
0vJ8rIol2Q3FAOHp3YasiPaEJ1eNrSoBhh6IHc/VDwesVF1eWt65kPkuSkoYFZvhkQm2gJ9cU/lIlmdcdNDki7mXkHk3LESdVtL4E/xOs0DY3t03ivgB7r5HQ8jL0gl6m29vSK4/
/tBPYkyXiAkQus63zaZgbhd+YCxRRiViWuLBrAkSMvb4qeNdYbXOPF9gK8W4qh9glOycN0kr6MW3kDwhpm6ALxxyy3wo4qULSkR5Uk77O3QrbnFGa1MXdK4D
4NRLOUb8fx1/jdUChQBnDyppy9cvmVEZQ08tZlrmybgZBhoS2M3LiTHhBvgfpOOR6H63BDQINKPZv2BBNxS0tTb6KMu8FmOoeLZtzwqAsQYeLxMQC4pZUntHH3CuBw==
SP3it+c0y5CVW5o1eq/7mwNa5PIeq3ADdE8tZlrmybgZBhoS2M3LiTHhBvgfpOOR6H63BDQINKPZv2BBNxS0tTb6KMu8FmOoeLZtzwqAsQYeLxMQC4pZUntHH3CuBw==
iho7iifkCeDekYzY4fdKe3M1mRjFp93noeDaZE02kZyGhEg/f/eJC6qevwaHPwDEy7LEWmB9AfUsh/dWcHt+oPQd7CSXlgCcgelqYpVoNtUvZjuYTUxjTRN2rgU=
DiGVMxjklTBEY4HZPZqQbp/klhUEqWHROJvpDp4KhXM1AzVCdVud8MUurdoXEsbB+wklOlCNCkRvzcLVq3pbbCy92owTNOmQ5VRkWXGkgpXGbALMG0EHPa1XDzZw9RRlzd1VK3Gi2PWkBn8Rw+Tq1LdMuBzKjyaYFt50W2Po5MbB5RkzxPi1eVs76gS1XZXMcW8GmquXo8IwyZHDmbe/n7Dtia78
zoq4Rl7BA4WYdAbjS4Fv/h5hpJQnE6jvXt87ajVlP4YeKiey9ikh7+/oJFluRv0NpHTbATv037MIemWLDfoeVf+zF6vxJ74xZ64S
qqDa5QIuwrVVgzlmozhi11kQ14UbG3NmcguOb4Sq2RX/cYP06sD2F80A9ZXBJ3JGT8aAu8N+Ozv1Ze7xhDghbBtc1kygF+Y38kpqx6Kv6tVaDbhfs95jl4+xdNd4fyuv7xiiiwhKTOF3SJx48LJF0OaA/IhEKyFD+mT+7RyVoQF6uEwpulPpMUuf6+iSyB31tfWvk5XmahF2jb8pL6sLVqodxuJlwVkg6BwF+II8cDsUkNRarku5jAauM5Hjcz6MRxG5XzCUb1lXRMNbPzoRo5EKsg2LEwNT3XfCGfOuhg==
lvl77XyoUYWXZfoZ6v/nN0JIWUwO+KwwVFag0vUYUrqtE+OhCHdNh5Ujx5Lriy6nNCzCYprBXUeAW5xijEzMvbT9q0i0mI0N9h9xUR97R82ZJcEoRuodAD3xUfv/qi1onC8Fg8LVe+jUCe5jIrRikTQBNj+TyOmVyBtLfzUAY91c4UcRu1BL9GNeniE4TKdiIfLNTj4jW7lB+m/sa0qUbVmLLK6JAPo3QFAuUWxBySPk6aSVM5BmKcIWd8AT364gNVRxW7yWYyh4Nm1MCgCxhh6vE5ALClnSe8cf8K6H
0GI3D49nucMCASlSrSqg57sFqGXjLZ8yALXBZ+EzDyGj3Cyk4FKJd0+SxxDJr4OetKoM3ojTPs0nMdgVCn56UQyUUdMUHyMn18h8ONCyJRBGABvMYytBg1rkHq08lYHBGjjsaVpTyfErH0uocsg9NdV1D9N15krRFg0fac+r6xYKnaYiRcG5YEicZTiiPJB7tBC0mo5LWcymLlNRw3MezKeRGZ9QlE8Zt8Rjm186MeNxihLN6xMjEz33YtmTruY=
BZT+ojjJFCpw05MDVj6p4DPWhDtMX0/JmR9yGleWIf9YeSi5vRKB7RsLXz7SBtc4DlvNjHX4eWGIL+XiPOPpdbmcT2o2VhnaTq5qFEyNPsm/haRvGQ9aSMqzo+B5JsXDLcX/kFledA1prRIfP64M27I8liHoB7yCurEjIk3zcOn3AXX6V6t0A2t/q1pP8ntMgj9YlnM0aTABAE6Jvx85SJNS6/Bg2zEpwADZSj7xGALyj0xb3TXs66ibA/pCz/pkSz7TpRrWnTbdtSwc567gpPHS6lrlUNbtX177ID30g/Vjzq69
w7JQ6HBm/K7N63VfLgJBpjPWhDtMX0/JmR9yGleWIf9YeSi5vRKB7RsLXz7SBtc4DlvNjHX4eWGIL+XiPOPpdbmcTmo2VhnaTq5qFEyNPsm/haRvGQ9aSMqzo+B5JsXDLcX/kFledA1prRIfP64M27I8liHoB7yCurEjIk3zcOn3AXX6V6t0A2t/q1pP8ntMgj9YlnM0aTABAE6Jvx85SJNS6/Bg2zEpwADZSj7xGALyj0xb3TXs66ibA/pCz/pkSz7TpRrWnTbdtSwc567gpPHS6lrlUNbtX177ID30g/Vjzq69
wFAB8jh/3jKmyP50cwszCDPWhDtMX0/JmR9yGleWIf9YeSi5vRKB7RsLXz7SBtc4DlvNjHX4eWGIL+XiPOPpdbmcQWo2VhnaTq5qFEyNPsm/haRvGQ9aSMqzo+B5JsXDLcX/kFledA1prRIfP64M27I8liHoB7yCurEjIk3zcOn3AXX6V6t0A2t/q1pP8ntMgj9YlnM0aTABAE6Jvx85SJNS6/Bg2zEpwADZSj7xGALyj0xb3TXs66ibA/pCz/pkSz7TpRrWnTbdtSwc567gpPHS6lrlUNbtX177ID30g/Vjzq69
ZYnA7zCF0JQhl6Rp9oWDzzPWhDtMX0/JmR9yGleWIf9YeSi5vRKB7RsLXz7SBtc4DlvNjHX4eWGIL+XiPOPpdbmcQGo2VhnaTq5qFEyNPsm/haRvGQ9aSMqzo+B5JsXDLcX/kFledA1prRIfP64M27I8liHoB7yCurEjIk3zcOn3AXX6V6t0A2t/q1pP8ntMgj9YlnM0aTABAE6Jvx85SJNS6/Bg2zEpwADZSj7xGALyj0xb3TXs66ibA/pCz/pkSz7TpRrWnTbdtSwc567gpPHS6lrlUNbtX177ID30g/Vjzq69
HSXdNRM6sdzm75gASnrIsjPWhDtMX0/JmR9yGleWIf9YeSi5vRKB7RsLXz7SBtc4DlvNjHX4eWGIL+XiPOPpdbmcQ2o2VhnaTq5qFEyNPsm/haRvGQ9aSMqzo+B5JsXDLcX/kFledA1prRIfP64M27I8liHoB7yCurEjIk3zcOn3AXX6V6t0A2t/q1pP8ntMgj9YlnM0aTABAE6Jvx85SJNS6/Bg2zEpwADZSj7xGALyj0xb3TXs66ibA/pCz/pkSz7TpRrWnTbdtSwc567gpPHS6lrlUNbtX177ID30g/Vjzq69
iuf1fg/fGUOJHtOtwks5rTPWhDtMX0/JmR9yGleWIf9YeSi5vRKB7RsLXz7SBtc4DlvNjHX4eWGIL+XiPOPpdbmcQmo2VhnaTq5qFEyNPsm/haRvGQ9aSMqzo+B5JsXDLcX/kFledA1prRIfP64M27I8liHoB7yCurEjIk3zcOn3AXX6V6t0A2t/q1pP8ntMgj9YlnM0aTABAE6Jvx85SJNS6/Bg2zEpwADZSj7xGALyj0xb3TXs66ibA/pCz/pkSz7TpRrWnTbdtSwc567gpPHS6lrlUNbtX177ID30g/Vjzq69
DX4ollUIfd3SLqDdDKl1KDPWhDtMX0/JmR9yGleWIf9YeSi5vRKB7RsLXz7SBtc4DlvNjHX4eWGIL+XiPOPpdbmcRWo2VhnaTq5qFEyNPsm/haRvGQ9aSMqzo+B5JsXDLcX/kFledA1prRIfP64M27I8liHoB7yCurEjIk3zcOn3AXX6V6t0A2t/q1pP8ntMgj9YlnM0aTABAE6Jvx85SJNS6/Bg2zEpwADZSj7xGALyj0xb3TXs66ibA/pCz/pkSz7TpRrWnTbdtSwc567gpPHS6lrlUNbtX177ID30g/Vjzq69
GzxOFFIajcPOAXgcbtPrFj0yKF+CEo71CFcZQd+q8mwyNevWMBJuaTljQq4Pp/u9WneTHuyeowNThszHwQwj0bW7IaEJ1TbmXhhmCsFK4TYMXqYH5Q0Y21wRm912tAB7BdtZaVK7Tn8dw8nAdMdO+qpN4dAa9EbS8xwg2KqkohsnT+x82IEqVRdt3CDapTzjD50dxy0kpKgr+bPtub9z1ixdoFUZRZkrvToMxRCuI/G/DP4EA/S0XEb30siC9kj7PwCQNpX9VbMI4GEJr1M2pIl1ARwFl4lapy8XkiShbaNFHwuv5HXFrrA=
O2qHwxFnH4f172M39RUgWD0yKF+CEo71CFcZQd+q8mwyNevWMBJuaTljQq4Pp/u9WneTHuyeowNThszHwQwj0bW7IaEJ1TbmXhhmCsFK4TYMXqYH5Q0Y21wRm912tAB7BdtZaVK7Tn8dw8nAdMdO+qpN4dAa9EbS8xwg2KqkohsnT+x82IEqVRdt3CDapTzjD50dxy0kpKgr+bPtub9z1ixdoFUZRZkrvToMxRCuI/G/DP4EA/S0XEb30siC9kj7PwCQNpX9VbMI4GEJr1M2pIl1ARwFl4hapy8XkiShbaNFHwuv5HXFrrA=
O2qHwxFnH4f172M39RUgWD0yKF+CEo71CFcZQd+q8mwyNevWMBJuaTljQq4Pp/u9WneTHuyeowNThszHwQwj0bW7IaEJ1TbmXhhmCsFK4TYMXqYH5Q0Y21wRm912tAB7BdtZaVK7Tn8dw8nAdMdO+qpN4dAa9EbS8xwg2KqkohsnT+x82IEqVRdt3CDapTzjD50dxy0kpKgr+bPtub9z1ixdoFUZRZkrvToMxRCuI/G/DP4EA/S0XEb30siC9kj7PwCQNpX9VbMI4GEJr1M2pIl1ARwFl4hapy8XkiShbaNFHwuv5HXFrrA=
O2qHwxFnH4f172M39RUgWD0yKF+CEo71CFcZQd+q8mwyNevWMBJuaTljQq4Pp/u9WneTHuyeowNThszHwQwj0bW7IaEJ1TbmXhhmCsFK4TYMXqYH5Q0Y21wRm912tAB7BdtZaVK7Tn8dw8nAdMdO+qpN4dAa9EbS8xwg2KqkohsnT+x82IEqVRdt3CDapTzjD50dxy0kpKgr+bPtub9z1ixdoFUZRZkrvToMxRCuI/G/DP4EA/S0XEb30siC9kj7PwCQNpX9VbMI4GEJr1M2pIl1ARwFl4hapy8XkiShbaNFHwuv5HXFrrA=
O2qHwxFnH4f172M39RUgWD0yKF+CEo71CFcZQd+q8mwyNevWMBJuaTljQq4Pp/u9WneTHuyeowNThszHwQwj0bW7IaEJ1TbmXhhmCsFK4TYMXqYH5Q0Y21wRm912tAB7BdtZaVK7Tn8dw8nAdMdO+qpN4dAa9EbS8xwg2KqkohsnT+x82IEqVRdt3CDapTzjD50dxy0kpKgr+bPtub9z1ixdoFUZRZkrvToMxRCuI/G/DP4EA/S0XEb30siC9kj7PwCQNpX9VbMI4GEJr1M2pIl1ARwFl4hapy8XkiShbaNFHwuv5HXFrrA=
O2qHwxFnH4f172M39RUgWD0yKF+CEo71CFcZQd+q8mwyNevWMBJuaTljQq4Pp/u9WneTHuyeowNThszHwQwj0bW7IaEJ1TbmXhhmCsFK4TYMXqYH5Q0Y21wRm912tAB7BdtZaVK7Tn8dw8nAdMdO+qpN4dAa9EbS8xwg2KqkohsnT+x82IEqVRdt3CDapTzjD50dxy0kpKgr+bPtub9z1ixdoFUZRZkrvToMxRCuI/G/DP4EA/S0XEb30siC9kj7PwCQNpX9VbMI4GEJr1M2pIl1ARwFl4hapy8XkiShbaNFHwuv5HXFrrA=
O2qHwxFnH4f172M39RUgWD0yKF+CEo71CFcZQd+q8mwyNevWMBJuaTljQq4Pp/u9WneTHuyeowNThszHwQwj0bW7IaEJ1TbmXhhmCsFK4TYMXqYH5Q0Y21wRm912tAB7BdtZaVK7Tn8dw8nAdMdO+qpN4dAa9EbS8xwg2KqkohsnT+x82IEqVRdt3CDapTzjD50dxy0kpKgr+bPtub9z1ixdoFUZRZkrvToMxRCuI/G/DP4EA/S0XEb30siC9kj7PwCQNpX9VbMI4GEJr1M2pIl1ARwFl4hapy8XkiShbaNFHwuv5HXFrrA=
+1EoWd8C/b+BqGHyei0Y8Skfg7d6/hliED4MWyvL4NAOT3mBjHjJ3trEDWZhzSvPnMIrDOgyxRZJVJkCDgtbxKse0fYrgzdkrhM=
krqGn/ac059AyqQn74TZYZwFinpShUtEvq4hDSOE/4nRUkElUpK3nMVBh6C58gJnOILtBiBPQPjTQ6t6c0OPXc7Z4sQ9jb1sqX/TGXOHeyLYGRkDkUdXf0gdca4E
4KL94q18l1OjPF5+ZFB5fut/NMAPI4yNkm2Qz+2dheJm+TW80JiFfIRwC7/5FPipOCEFGhdAOx8d3//I3qXIohCVfCbhQpjYEvCEiMLf2Jibk0N6GxNUslJTmoTlfYUM4c87mdv3MwIgKUFDKdfP3wBNWa4s
/Tb2loxyPRL6S7gpJig1okR1gdAieg7OHl66783Al+lYYG7Iqu8QOOMju3pjo6wSGmNyRI3tTSz5n+MZg6cr4mi56YMBpwc/uD1hrhQ=
0A7V1CiHbe0hdTIQ3VXrAQ+ewy7QctQXm2e4PG6j4S089FFSWkiV6tFhsyP8LnOgWH4dUYgYQU4+JwMoy/LJ2huPL2iuHw==
4m2MtEe5TDEeVzIRLXTgvk09y4BfsXEuGi5DFjGezuFAVXmBjHjJ3trEDXVuyTHPnMIrDOgyxR1IVJkCDgtbxKse0fYrgzdkrhM=
W7BCBNGg2FXcf6Pol9qBKSkfg7V99BhiED4MWyvL4NAOT3mBjHjJ3trEDWZhzSvPnMIrDOgyxRdIVJkCDgtbxKse0fYrgzdkrhM=
gx56tHhcRu2leE9VlA2zjG3JlUViWNG4ijUMB8odVLff4q52x3S4GgBtqelsUPnG2tw9XY6h4ffcOnukSFo1j8jM6equo4u8ayaBHkurB3yuCw==
3UD/EAzct1VXAGKvJrAi2Sgfg7V99BhiED4MWyvL4NAOT3mBjHjJ3trEDWZhzSvPnMIrDOgyxRxPVJkCDgtbxKse0fYrgzdkrhM=
x1F6NlBIzuX0ZS28bqzjLW3JlUViWNG4ijUMB8odVLff4652x3S4GgBtqelsUPnG2tw9XY6h4ffcOnukSFo1hM/M6equo4u8ayaBHkurB3yuCw==
TU2msz/gEEIUAUi0Kc94aa8aHeyzmF+5MIwJ6TSvVjQb/OoMCjjaz+4uYJtvPN6e4k0ol7fkq4Oe5qQl5J6ZrtHHU3d34OOqPv/i2ZTLJ11ul9xwaPl3ftJKxUABSe3QDL5n1W/m5keepVwSC41A1eU6H2+6XANi2oq0WScfbMVHi6m023br3DgvgbUoRLlGBqXIvnprjDfFAZw3AB+jNjrb6hiDmlMJwqKtKrVxzJBferCY+bWvtn3kJrF3WttsxWATCSvqrpE=
2arKBRCKKVIn2vcDJLxhiO70EN7vEL8e7QSGYeHZy+Pvww8mu48p5hbFKiCoy/ddiU+DkjbezIhcoW7AiTnNrfRW2d1rfWvu46g6+erDmDU3T1qhxBqUl1dc9mytum2X3eLY6J+fs6imhdpjFMhHM5CHEUzHxQbyY4C+bBzji4Gct9MdET5H+GtevKkJL6Q6KdSyE1BUBoUslWGndE3sQROEbg2S0t9Uk0sG5GVweU+cQiuM6LLFm0/UmYIOi1tEq57RdisDN+Sukw==
RDdWyXcnFkCa6nLRFZIrvC50e7mzaUMDdkNsBWSQGZ1Hvoglm8ebpi+MzcQ+2IF49h7DhAN2d5B7CihainAkYSxUQO/66W9jK7x8ZlwSTK/E5CxQ7eYG5+9g+VHV9z51ebYV+zgRCUbmPAa4d+3q6GxP4XOS1IOz0wjZQCzxSNQMHUDVeYW5K536bEXw7gPxn0xehGM0VFxmN3JIYjYo+99AMLY1vbWzaCDBiQ+TVqRpNWGcpdeqX8dv9xKEYU2jZd9rLwQ15a6Q
YORv/jzh43Lb+sYRIEjBgy50e7mzaUMDdkNsBWSQGZ1Hvoglm8eboC+MzcQ42IF49h7DhAN2d5B7CihapmckaDBaV+/66W9jK7x8ZlwSTK/E5CxQ7eYG5+9g+VHV9z51ebYV+zgRCUbmPAa4d+3q6GxP4XOS1IOz0wjZQCzxSNQMHUDVeYW5K536bEXw7gPxn0xehGM0VFxmN3JIYjYo+99AMLY1vbWzaCDBiQ+TVqRpNWGcpdeqX8dv9xKEYU2jZd9rLwQ15a6Q
LpK3XH8l+CphyS1DBL62sTg3l7KLR7nl87zGbJYnrTaiCHVG+6RelUT2pMi5HXQnp/fDKQzFv3ES6k22RP+NURZb1CtY58DtbWMpuEZuRma+v/bQNriXAiTHzQQDOQ/DDKULQk8zAlXLBiR4vHAtGZg43vs7G2iwIRNx7KOotkX6RP5p2l3DATurH37WzWqa8WEt+MRsGdD2/MRTiCC4gporrbRqfo/5d/OqZPtBVWckdFsBu/Rfs4h/5YuN+p5Vf7OXq3EnPjHnrpI=
JSOaKcyyHl3sna3cHJvzCS50e7mzaUMDdkNsBWSQGZ1Hvoglm8eboC+MzcQ42IF49h7DhAN2d5B7CihainAkfzFVSu/66W9jK7x8ZlwSTK/E5CxQ7eYG5+9g+VHV9z51ebYV+zgRCUbmPAa4d+3q6GxP4XOS1IOz0wjZQCzxSNQMHUDVeYW5K536bEXw7gPxn0xehGM0VFxmN3JIYjYo+99AMLY1vbWzaCDBiQ+TVqRpNWGcpdeqX8dv9xKEYU2jZd9rLwQ15a6Q
rhdSprJ0gAEBql/tDnaawzg3l7KLR7nl87zGbJYnrTaiCHVG+6Rek0T2pMi/HXQnp/fDKQzFv3ES6k22VfmPRBJP1CtY58DtbWMpuEZuRma+v/bQNriXAiTHzQQDOQ/DDKULQk8zAlXLBiR4vHAtGZg43vs7G2iwIRNx7KOotkX6RP5p2l3DATurH37WzWqa8WEt+MRsGdD2/MRTiCC4gporrbRqfo/5d/OqZPtBVWckdFsBu/Rfs4h/5YuN+p5Vf7OXq3EnPjHnrpI=
7K1PYy8UcL+ArY+k95mvIK8aHeyzmF+5MIwJ6TSvVjQb/OoMCjjayf92OIt5N4rB5U49vvGH7MGJvrNl4KyeuMTaU3d34OOqPv/i2ZTLJ11ul9xwaPl3ftJKxUABSe3QDL5n1W/m5keepVwSC41A1eU6H2+6XANi2oq0WScfbMVHi6m023br3DgvgbUoRLlGBqXIvnprjDfFAZw3AB+jNjrb6hiDmlMJwqKtKrVxzJBferCY+bWvtn3kJrF3WttsxWATCSvqrpE=
Op2NzvXlUsRGzLLxVbgiUK8aHeyzmF+5MIwJ6TSvVjQb/OoMCjjayf92OIt5N4rB5U49vvGH7MGJvrNl6b+UpcTYU3d34OOqPv/i2ZTLJ11ul9xwaPl3ftJKxUABSe3QDL5n1W/m5keepVwSC41A1eU6H2+6XANi2oq0WScfbMVHi6m023br3DgvgbUoRLlGBqXIvnprjDfFAZw3AB+jNjrb6hiDmlMJwqKtKrVxzJBferCY+bWvtn3kJrF3WttsxWATCSvqrpE=
VHPWo/apfCA+khORpnzAw7cQFzSvtOLUXVP3jr/B3Y0r+moOJiIxjUk79XKACKKebGCY+jzCLYWhMJAMHzgt6FtiL4XQfK8ue0lj6uOsMs36N/ARF2uy1RQu3FMXmL7Yfc6FM31GsBwPKzssJgFS14Q8L5cwI/k4F3FONiNE9ljMl2OlvJO76QEKT/xrWrSdGdvMHgnwWmeAYE5BbFEpE6Q5BOWzIAb5AmZX0BPPjlD1hBHrPObD+DgGjV8PENG23v+zYIu6uYI7Nz/grpc=
hTfEO4v5Z2y0ee+WOn+rF+REncJnCC8ZnXRscmgIYoc5dBDxtScWYyARChwScynp9e6swdL0Z0XoFN+7mIYhfMtvLKvg6qm1kHJePxVlGJhxuF1ErS3trFlfzB9jZ0tiiPmJg+Hnp78YfUGuNA==
WF2yYSTjtaHkmzZ3G47qKN/fEUthsDAuTiLZgzGs8CgVVHgDuVowhcoNOPR7bURIVQ4mLq/b0em67YKSzEis5iYKlr9cUwUnTgI9BQQKwr+JnYwo5dDx5EHFWfwtB3ben79/MvzRpWMNz7PPDEVdrig=
oB6CC8p27KDM0xuw+S8bMzT2+FW7pmre2fVRTaACL1wk9Cthy7Qv0xx+dao9uq71TzOHC6Hn7tEXrmI=
JB9kxh9BJey+J4ETiaGca4YgOMJxdxrhIlhu8h+NTGC/inBoGUGuRpwU5kGXqlucJZDT+csarmE=
ceUgMuM1LeVeYnTcHpn0/TT2+FW7pmre2fVRTaACL1wk9Cthy7Qv0xl+dao9uq71TzOHC6Hn7tEXrmI=
Tl8LbgjUybDcStd2kQEJAoYgOMJxdxrhIlhu8h+NTGC/inBoGUSuRpwU5kGXqlucJZDT+csarmE=
I3MYr1MUfpn83E92KO2VDOREncJnCC8ZnXRscmgIYoc5dBDxtScWYyARChwScynp9e6swdL0Z0XoFN+7mIYhfMtvLKvg6qm1kHJaNgJiGJhxuF1ErS3trFlfwx5jZktiiPmJg+Hnp78YfUGuNA==
h6TIbR4Dv+RlvW1XNqYlbt/fEUthsDAuTiLZgzGs8CgVVHgDuVowhcoNOPR7bURIVQ4mLq/b0em67YKSzEis5iYKlr9cUwUnTgI9BQQKxraemowo5dDx5EHFWfwtB3/en75/MvzRpWMNz7PPDEVdrig=
T/6iczQLyPpRuC1hobbc/wG4c/lcaFLo9idUyIe7N/rvO0ps1jy/ZLHlSTydZ6/ezx6PcuwxFePd78MPnCVtrhg=
DaCkbDw0ilbS7u9Dob6kwigfg7d6/hliED4MWyvL4NAOT3mBjHjJ3trEDWZhzSvPnMIrDOgyxRtLVJsCDgtbxKse0fYrgzdkrhM=
q9haZvqlYc8dHMVGBi8zIkRwgdMieg7OHl6678zAl+lYYG7Iqu8QOOMju3pjo6wSGmNyRI3tTSz5n+4bg6Ur4mi56YMBpwc/uD1hrhQ=
1mDydVwF1s67paTF8dwynzT2+FW7pmre2fVRTaACL1wk9Cthy7Qv0xV7dak9uq71TzOHC6Hn7tEXrmI=
O12XmrjTkScgCwCO8ZBKm4YgOMJxdxrhIlhu8h+NTGC/inBoGUirRp8U5kGXqlucJZDT+csarmE=
nLkuvXUyL5pCFAhwt99DYuREncJnCC8ZnXRscmgIYoc5dBDxtScWYyAQChwScynp9e6swdL0Z0XoFN+7mIYhfMtvLKvg6qm1kHJePxVlGJhxuF1ErS3trFlfyRpjZUtiiPmJg+Hnp78YfUGuNA==
KBpG1LPQDa4LpUb8AWNgRN/fEUthsDAuTiLZgzGs8CgVVHgDuVowhcoNOPR7bURIVQ4mLq/b0em67YKSzEis5iYKl79cUwUnTgI9BQQKwr+JnYwo5dDx5EHFWfwtB3/an71/MvzRpWMNz7PPDEVdrig=
csjzhCPgpRWoGk7ZHojsxN/fEUthsDAuTiLZgzGs8CgVVHgDuFowhcoNOPR7bURLVQ4mLq/b0em67YKSzEis5iYKl79cUwUnTgI9BQQKwr+JnYwo5dDx5EHFWfwtB3bZn71/MvzRpWMNz7PPDEVdrig=
o42gFwvsmg2xxDC45MfttbwgN/6gRZQxY2kAwym3rQgXCffhNaPVX/59JmL8IPTwhEs0/SSZh4+Urh+0qNQONqJVXLeMB0E5z5VY7GH3IxAkwnqJKDwhJ6c51vTfBJ3krmkuqRLW+L2ktl0zujETKh6sgTBA9T9eXN4SonJjs/ymT0XRgvlL0lb7y1iblF1E5KAtqTE+3sIwnRFLQUDHPscv1kVK0oxkGfKyvHpqC203fyCnPBm0sk8ymV8wKXA+klyEdu2LksUKddZdUQnFklYaoIFyhAtA5hf8oNXHXXSsFm02yy9Es+9j+IYmF2YLq00GDVHV8D3lZBYNNeMCz6fzlcNRNn9EWS841Sh8YzHSPVbY4+MOtHPLLyYb+IdB4SPPTO2Zu53+7/tPQDjVCzfudSxE7YaWdk8UdSTEtY+z/CERGH+jC7V0i7mMZY8lm+TDMHO69tV4uM+GsTbFep6Xk72RnoeYaz58CYmP5BopNPLz0LRGpSy1ocf0LSwhE6SurRJyn7STq0ZE5dC5b5wi6+xo0gW8SfTbYo5rG6SrvpHWq6P3hK7z
Bx/6lvv3mOwpIeJzZwFKP5C8RlGWCoqj9awhsDhD1J60eGeoIlTWaur64CCmNRlOlpVlsSRxHSdS1xgve5/Af76iSunr4RhnNzZeyI6D11xppOSc63OWd2pgAYNLZ63mkmD01pG6fOT1m/b27tlTxmf//ZSCDY8s7cT3Tozp1U4Uayym3qnzdhjtPXerN13cyzOERSnMsyCOZ35dT/03zxTYWE7VjmUZ8bS5dnUBVC90HqooLsajf0GPSkwGale6R+pLCeywJGpWMHh99u/LrjH+bEbT2XG2xMrVCQgnvWRto+uP6IbyL6C+w+pILPLzBvhABSJCbBXXQNiJjNhmzyg7vvWRHeX5TJ4wRMOJqGrWyHUXdJxF41jZk4d3PchpmEHRaR45HH5sfcrMp1+yr2XLodBadAfGvILg2GsvZhtnz6x8mAFqVdftHCAaJfzjTx1dx22kZKjreXPteT8z1mzd4FXZxVkrfbrMxVAuY/H/jD4Ew3R0XIZ3ksjCdgj7/4BQNlV9lbNIYCEJ79N2pEn1wRzFF81Z561XkmQhraOFn8uvpPWFrvA=
UU37C8Kc/EaDOOFT2cDc0cvM6Du3WBFcDoiJTjH0BMncof6qVxgwblF1Ol4zcWfYfOZ5kBN3fhDKklghlLZYZfvQOLA9SbPeLznDHkbVVhXi6oCBpIolD0qNa5b+EPkMsMlHYpxiah6C38vARnM97XJFM27WR7Pka6gleAScVRXBgqZ+8KFpd7F8v4Ink675uu70WBnOyoCK1nPR18NYm8wlzI6PjuHjwJUIAnJg/EodN+p5ismu4aE1va62Jtg9gjhz/CYrhJwl+yXITKoVijsTPI/vX4C61qset0vxfjGh6YgBJdhuscVfevNHz+3/oYoH+NmTQGnYQBsNMgEuZBNfdgiz91ca68T//QGft/AdpcOh/tODc7CErbfXUg0QtNH+qrbzbMnUeM2zU8BZLejD27c1yPMFfFn3GXvYu4yDBo5puIS3ukEKvcZ+K+sBYaL/pGsCBDV5M5ymyYiKzyCIPpnsCdl7BJFUHfOY1pHizucIExc++BXswVN8HpNQmG59AInIo15+V2MYSwLpalufj7iuzw==
vVj4YfYa/tdywypoI6NUwOcyidaljCz605FLt2uwmkZhhKl2KAq8pthmQjcJyWtMqzhMmwb6jBx2gPkqc5bDM2xXEM7vAMLlMT6IZOY+087GZE/vtB783UkWvVtvHGC59QwX8JUGXk1P3s6vfs7cXck2ohm/H/nzh8zRF1YNS3hJgPRTnFVd2e0fjlzKppf6XxnLwPue54XO/646uCDM8tnfuzsoBNROTaqdLhlhbkSeKmzEehWkKxE+q1q+DrHti5a+fjeBmoNntHen+Weq8kivGsqBAloo6CPcXNKNwPYWNS10usFefPxf8v/snZPp37n2arIskU1yeszsp18WKL9DIu1xj2UZErkCxUOBXE0mflYJiCQ12yh/v++z2LhAfWZGNoKQuQt8C70L/hQa9dAV7RkeSEjhJnPVuY+PD5CeiJHNkWXrm+kGdtnyvZux46vHzo4tQip5ISUorIwhwA58fEPwgBDSkmslRAJeV4mv8/KUo2G9F6y0U9ETVKejN/mdmbWadgV3cx8bWUfmgb+uyg==
LjeDE2PynawcXTinnW6GdzT2+FW7pmre2fVRTaACL1wk9Cthy7Qv0xt/dak9uq71TzOHC6Hn7tEXrmI=
vMSdNGl2CutCHLB49wSjVIYgOMJxdxrhIlhu8h+NTGC/inBoGUavRp8U5kGXqlucJZDT+csarmE=
U6QRcd9pfol2XscyESYcrVSmdOxHYiD2vidD1J6Mc+C6LFl3zja/ZLHlSTydZ6DbzxyPcuwxFePd78MPnCVtrhg=
5MrB4RliPvi2s5CWyJrXZhkg1ohvMgffWlSluprblPNCbBzL4u8HJPoU/2A2tL0HCn5jRI3tTSz5n+wbg6Qr4mi56YMBpwc/uD1hrhQ=
yPchTMbH4mqt52AitgpBsQUoysFwJRbeFUP37NTVm/tDYF/A4u8HJPoU/2A2tL0HCn5jRI3tTSz5n+0ag6Qr4mi56YMBpwc/uD1hrhQ=
fXQ7pS2WwUvzQ6jhFjL+khEv3cEhaRDODkS4vdDVm/tDYF/A4u8HJPoU/2A2tL0HCn5jRI3tTSz5n+Mag6Qr4mi56YMBpwc/uD1hrhQ=
fJmQZd3+VCPykEGlNmjAiRkg1ohvMgffWlSluprblPNCbBzL4u8HJPoU/2A2tL0HCn5jRI3tTSz5n+Mag6Qr4mi56YMBpwc/uD1hrhQ=
AsCEIrHJ0SrQf7wChfTrWzT2+FW7pmre2fVRTaACL1wk9Cthy7Qv0xR5dag9uq71TzOHC6Hn7tEXrmI=
BZgZz9+9a04EwihFaUOhcYYgOMJxdxrhIlhu8h+NTGC/inBoGUmpRp4U5kGXqlucJZDT+csarmE=
i5aQx3x7ELuG7FyKC4VhsCkFhbdm5hhiED4MWyvL4NAOT3mBjHjJ3trEDWZhzSvPnMIrDOgyxRtIVJoCDgtbxKse0fYrgzdkrhM=
MQm+Ck3hyWt0NwJRppy6qW3NjAUqHpXk6zUMB8odVLff4rRwxW+qGgBtqelsUPnG2tw9XY6h4ffcOnukSFo1g8jM6uquo4u8ayaBHkurB3yuCw==
UhEaOpLnTXOhhsduFHW019/fEUthsDAuTiLZgzGs8CgVVHgDuVowhcoNOPR7bURIVQ4mLq/b0em67YKSzEis5iYKl79cUwUnTgI9BQQKxraemowo5dDx5EHFWfwtB3Tfn7x/MvzRpWMNz7PPDEVdrig=
tLcZ0GlmJh98rFKS5QNsj9/fEUthsDAuTiLZgzGs8CgVVHgDuFowhcoNOPR7bURLVQ4mLq/b0em67YKSzEis5iYKl79cUwUnTgI9BQQKxraemowo5dDx5EHFWfwtB3Pfn7x/MvzRpWMNz7PPDEVdrig=
uAFqfFy1xD5qt+wv7fjcqatGnZPKl7pngn48dnMr20hSiLcwEqsS1MQXY4uyfPHpxsjXiqymJU9jeUh5KDqmLA5GhO59F/YHd3f81vfNzk6A/8vZRuAvBMO0M5Fz1MfjVf692BUa1sVXcz/buccGQV+uKg==
cKrh1h9g1Jj0gdeumsaiCF9Cv01iAHrehzyg3SQ9nqN8ygwQ6h37zJIqMBlW0eC52KKvhFdbKz8rgDcVXqiEHynZ0Zy3uJSMkX+Qfx92QzV0loJEPIYDGLhmTbgOcJJWXp/zgIsa+aK7F39Arjc=
OO1nOtLTIoAmoXgDG/G4w19Cv01iAHrehzyg3SQ9nqN8ygwQ6x37zJIqMBlW0eC42KKvhFdbKz8rgDcVXqiEHynZ0Zy3uJSMkX+Qfx92QzV0loJEPIYDGLhmTb8OcJJWXp/zgIsa+aK7F39Arjc=
nkxwwTdBbQEev0xMraYIP0BIPI034G/G5uhYA5X0eDcq0IBfRrYDP0hELHynjmBEMX3r+iGwVs0fPvvA/dQDlSNurh0=
mKeYK/M0HmW58itmC8LGqyZ5203esdbn6ufNUlA83ZmAjk5raPzTEabQvBWHOA/e1rCYWyVsGO8ayIBHdm5jp/gc7CSXlgCcgeppYpFoNtUvZjuYTUxjTRN2rgU=
VqNmqtLOMsX3gbD9tOYKzdJmFysAiC/JPiMmFu2/E3rKpU64wRVZBAiBu4yC1FdheG1WCq8SokQWhwuy92Ci8kh9OXYQAT66wLHaBPs5bL6c4musaJKF+k80XaKOq5vkq/4Rlqtjd0SuMw==
yPWnz2yytRVTC2ex6TTBmVLG4MBbPCHUzXMX4I5CNl1fHH/C3sS4d12oyJOyXADL7grTe7AoDEivkhCgaboursnMxkmnkps0tQgzsTtirgk=
fWM44qlXXIWC2mY/KmHsiFLG4MBbJiHUzXMX4I5CNl1fHH/C3sS4d12oyJOyXADL7grTe7AoDEivkhCgabgrrsjMxkmnkps0tQgzsTtirgk=
ccujcBIWG+xrYAVUkfpnnDSJna8VHPzyzgc4Wy3AjeYsjS8rN4jzYA6Hk5Ru7GPgqswpt56WD+Qhhbl8TUeU27/637JckYVjLY8TT6wFfa4I
oiBuZ6xs+K1I3gPdZRTBdm0EnqYvsmIkFmdLEnfA4tJIHXmWkGH+msCRGmR72SzenMIrDOgyxRtKVJwCDgtbxKse0fYrgzdkrhM=
2gxy1ODQBKaJPyG3HMJ2d1Yy561KV6UD16jc3PPi20o7CCj06qCocTAoA13uFHxpP8y/sn5UOMe9+IhjkkwA+47aEwsQuIz4T8JQUEmoKZ6oHAY5BwIbhFVYc0Ebcq45
xZSmTSTK7Up3okimXWooPdJmFysAiC/JPiMmFu2/E3rJpU64wRVZBAiBu4yC1FdheG1WCq8SokQWhwuy92Ci8kh9OXYQAT66wLHaBPs5bL6c4musaJKF/k80XKKOq5vkq/4Rlqtjd0SuMw==
1+mnZkGhTLLHyTzoJEUP/zSJna8VHPzyzgc4Wy3AjeYsjS8rN4jzYA6Hk5Ru7GPgqswpt56WD+Qhhbl8TUeU37/637JckYVjLY8TT6wFfa4I
h8Jn6e6twqBYlWvv8FwiQzT2+FW7pmre2fVRTaACL1wk9Cthy7Qv0xt/da49uq71TzOHC6Hn7tEXrmI=
nDI5D7hT+z726418Ime8WYYgOMJxdxrhIlhu8h+NTGC/inBoGUavRpgU5kGXqlucJZDT+csarmE=
sagne8hRF1NWxDyCcPsMfzT2+FW7pmre2fVRTaACL1wk9Cthy7Qv0xR6da09uq71TzOHC6Hn7tEXrmI=
Fe4lXC2GBDFiiJURh8FSIoYgOMJxdxrhIlhu8h+NTGC/inBoGUmqRpsU5kGXqlucJZDT+csarmE=
CV6Rp43YounRsuVIF7/grTT2+FW7pmre2fVRTaACL1wk9Cthy7Qv0xl/da09uq71TzOHC6Hn7tEXrmI=
ZgER5Yb1Dat0TuWj38EC3IYgOMJxdxrhIlhu8h+NTGC/inBoGUSvRpsU5kGXqlucJZDT+csarmE=
oqgVFuLKSLz5ofufl2eGxTT2+FW7pmre2fVRTaACL1wk9Cthy7Qv0xl+da09uq71TzOHC6Hn7tEXrmI=
7AwcmcK7FwDKAWWXDX07RYYgOMJxdxrhIlhu8h+NTGC/inBoGUSuRpsU5kGXqlucJZDT+csarmE=
nwB6OtNFxeaUN6D13hEQDzT2+FW7pmre2fVRTaACL1wk9Cthy7Qv0x57daw9uq71TzOHC6Hn7tEXrmI=
+sYoLlYknWYoG20f+7BOdIYgOMJxdxrhIlhu8h+NTGC/inBoGUOrRpoU5kGXqlucJZDT+csarmE=
N7V/yFdlPeq+nc5KdY2IYDT2+FW7pmre2fVRTaACL1wk9Cthy7Qv0x95daM9uq71TzOHC6Hn7tEXrmI=
1icDSNc8HOZDrhqx2kp2hIYgOMJxdxrhIlhu8h+NTGC/inBoGUKpRpUU5kGXqlucJZDT+csarmE=
R3N8ZvNSHCBj1kClU88zszT2+FW7pmre2fVRTaACL1wk9Cthy7Qv0xl4daM9uq71TzOHC6Hn7tEXrmI=
mY3JBdOHpWzDc4lk4BKPQYYgOMJxdxrhIlhu8h+NTGC/inBoGUSoRpUU5kGXqlucJZDT+csarmE=
QF23MficBEtPD7aYNDZuOjT2+FW7pmre2fVRTaACL1wk9Cthy7Qv0x1/daM9uq71TzOHC6Hn7tEXrmI=
pERY0knc0V26hk+0xfwHoIYgOMJxdxrhIlhu8h+NTGC/inBoGUCvRpUU5kGXqlucJZDT+csarmE=
zky1wip8a2S+ODQ/W8ndNmg6Z3rDd9H5CsiFEKHHZBeC024ILi0zFs+teriNk0pc3iQvRR4feuA/nsJNiXUDCYXuUAOv4leVPWtOeEmYXL4g8/TCS5OfiE/r8+aoHVH4OlNU/wsL11fIuYS0gJWkpb39RSthgqg1FGaPkVMEupRnLIgcuq/22MZ+5NvTSBSG8QUJM9SYhbkrm1qEJf3FDCFP9p+bf/MC4KkBQ+lXD99AzZmu7A==
MpCHedk467e0Nu5dTmyKg1sqGfaLG3LOwIiN+0FNbHGDDcqSvBGZvWcuY1ihIMHdvZWQtDkHUm3zSxPotio0JfP4XI7Z/ilzsAZuDYoLmRGibL32dFzZ/v5XG1D8IalB7zwVLjvrm9lc70OV8Xa3gGsmTOHppzRi6YyiG3Actj2sLdFvVEX8mVNc/oXyGq+sk7N2LAX46ZfcmjuEyHp1JstsIMoug0sca8ZB/stLx5yu6w==
vswMhwMlZqQFUqRMzmVFq1sqGfaLG3LOwIiN+0FNbHGDDcqSvBGZvWcuY1ihIMHdvZWQtDkHUm3zSxPotio0JfP4XI7Z/ilzsAZuDYoLmRGibL32dFzZ/v5XG1D8IalB7zwVLjvrm9lc70OV8Xa3gGsmTOHppzRi6YyiG3Actj2sLdFvVEX8mVNc/oXyGq+sk7N2LAX46ZfcmjuEyHp1IcpsIMoug0sca8ZB/stLx5yu6w==
X3Xd5Ghjb3+99e+MLPFSGDT2+FW7pmre2fVRTaACL1wk9Cthy7Qv0xp+daI9uq71TzOHC6Hn7tEXrmI=
vK1n4sqJrlQ3HH2QtXeZSoYgOMJxdxrhIlhu8h+NTGC/inBoGUeuRpQU5kGXqlucJZDT+csarmE=
RHDcM8ZWJ2g42vU/Llu9jWg6Z3rDd9H5CsiFEKHHZBeC024ILi0zFs+teriNk0pc3iQvRR4feuA/nsJNiXUDCYXuUAOv4leVPWtOeEmYXL4g8/TCS5OfiE/r8+aoHVH4OlNU/wsL11fIuYS0gJWkpb39RSthgqg1FGaPkVMEupRnLIgcuq/22MZ+5NvTSBSG8QUJM9SYhbkrm1qEJf3FDCFP+pqbd/IC4KkBQ+lXD99AzZmu7A==
9NUCwsGDI88bYVYlSk2cXVsqGfaLG3LOwIiN+0FNbHGDDcqSvBGZvWcuY1ihIMHdvZWQtDkHUm3zSxPotio0JfP4XI7Z/ilzsAZuDYoLmRGibL32dFzZ/v5XG1D8IalB7zwVLjvrm9lc70OV8Xa3gGsmTOHppzRi6YyiG3Actj2sLdFvVEX8mVNc/oXyGq+sk7N2LAX46ZfcmjuEyHp1L8lsKcsug0sca8ZB/stLx5yu6w==
mcIE/i4OlXvWHxu8qlfJ1HwzHmTrjZqya6Pu+qhWQIUzSd1+/+mmTcsJAHz6YnrvjUhL65Ck/ZQ8K3WwQ1v0zF4j3K+zoMR8M+tu/BgVJMdTvNo3plh1U58PkQaOSADmhaJw5PmD4sYa8U8mW5cpRPY1Q2yhPEMeWEGp7ogDmFZKMX/2lHWpBx/fwXw3m9CVnbR/4MJfig0bFQuvCPAsfsGWaRn9rK1GASlIT0j2/nja/u+/jff+nFLCqxrbAv95eCio6tqo7I1Ch1cOTVa4FmchPfYI8qHZ3E+BhHGLH7/8nv4vrKbX2rwE7hM6kJTVVnqgVZu4bNlYcBpvtFMKBQWFaXnABqQ0d2E0yipgIcfA5IkjFOFn1yPV9AmEaaVZCiEQfmBl3vzTd67PWSP1gK5MSwZw+lQIP4eau/snGAwMmebVW3WI0K5NYEMztYmX2Vwo6CdBBz2tVw82cPUUZc3dVStxotj1pAZ/EcPk6tS3TLgcyo8mmBbedFtj6OTGweUZM8T4tXlbO+oEtV2VzHFvBpurlaLCMMmRw5m3v5+w7Ymu/A==
kLIHczRuYPkNQa2pD2cv0zT2+FW7pmre2fVRTaACL1wk9Cthy7Qv0xl7dag8uq71TzOHC6Hn7tEXrmI=
Tmx8+ixmMstZt5/ryv9tcYYgOMJxdxrhIlhu8h+NTGC/inBoGUSrRp4V5kGXqlucJZDT+csarmE=
kLIHczRuYPkNQa2pD2cv0zT2+FW7pmre2fVRTaACL1wk9Cthy7Qv0xl7dag8uq71TzOHC6Hn7tEXrmI=
Tmx8+ixmMstZt5/ryv9tcYYgOMJxdxrhIlhu8h+NTGC/inBoGUSrRp4V5kGXqlucJZDT+csarmE=
krh4kCIRq12/gVkvYJLSZTT2+FW7pmre2fVRTaACL1wk9Cthy7Qv0xp7dag8uq71TzOHC6Hn7tEXrmI=
yDa2j18bzu2/7x9FbRe3F4YgOMJxdxrhIlhu8h+NTGC/inBoGUerRp4V5kGXqlucJZDT+csarmE=
krh4kCIRq12/gVkvYJLSZTT2+FW7pmre2fVRTaACL1wk9Cthy7Qv0xp7dag8uq71TzOHC6Hn7tEXrmI=
yDa2j18bzu2/7x9FbRe3F4YgOMJxdxrhIlhu8h+NTGC/inBoGUerRp4V5kGXqlucJZDT+csarmE=
krh4kCIRq12/gVkvYJLSZTT2+FW7pmre2fVRTaACL1wk9Cthy7Qv0xp7dag8uq71TzOHC6Hn7tEXrmI=
yDa2j18bzu2/7x9FbRe3F4YgOMJxdxrhIlhu8h+NTGC/inBoGUerRp4V5kGXqlucJZDT+csarmE=
krh4kCIRq12/gVkvYJLSZTT2+FW7pmre2fVRTaACL1wk9Cthy7Qv0xp7dag8uq71TzOHC6Hn7tEXrmI=
yDa2j18bzu2/7x9FbRe3F4YgOMJxdxrhIlhu8h+NTGC/inBoGUerRp4V5kGXqlucJZDT+csarmE=
NEcS1PBE/xCcLLq+ezkAcW0EnqYvsmIkFmdLEnfA4tJIHXmWkGH+msCRGmR72SzenMIrDOgyxRdKVJoDDgtbxKse0fYrgzdkrhM=
CQWViI7GIIvTVXoBQ+C0jAUoysFwJRbeFUP37NTVm/tDYF/A4u8HJPoU/2A2tL0HCn5jRI3tTSz5n+kZg6Qq4mi56YMBpwc/uD1hrhQ=
Kx6x6MiWm9iQ0oepiq+kBTT2+FW7pmre2fVRTaACL1wk9Cthy7Qv0xV5dag8uq71TzOHC6Hn7tEXrmI=
0XHmZf1uglowSSSURpvb9oYgOMJxdxrhIlhu8h+NTGC/inBoGUipRp4V5kGXqlucJZDT+csarmE=
iXsRFSmp+aVOr4AmdRRSDDT2+FW7pmre2fVRTaACL1wk9Cthy7Qv0xR7da88uq71TzOHC6Hn7tEXrmI=
JBfAUjK4iydUW0CabFTZOIYgOMJxdxrhIlhu8h+NTGC/inBoGUmrRpkV5kGXqlucJZDT+csarmE=
ztoeuY9Z582fzVOcRhhXhTT2+FW7pmre2fVRTaACL1wk9Cthy7Qv0x56da88uq71TzOHC6Hn7tEXrmI=
Yzvi+uEBhEkSZfJDg3bVGoYgOMJxdxrhIlhu8h+NTGC/inBoGUOqRpkV5kGXqlucJZDT+csarmE=
ztoeuY9Z582fzVOcRhhXhTT2+FW7pmre2fVRTaACL1wk9Cthy7Qv0x56da88uq71TzOHC6Hn7tEXrmI=
Yzvi+uEBhEkSZfJDg3bVGoYgOMJxdxrhIlhu8h+NTGC/inBoGUOqRpkV5kGXqlucJZDT+csarmE=
ztoeuY9Z582fzVOcRhhXhTT2+FW7pmre2fVRTaACL1wk9Cthy7Qv0x56da88uq71TzOHC6Hn7tEXrmI=
Yzvi+uEBhEkSZfJDg3bVGoYgOMJxdxrhIlhu8h+NTGC/inBoGUOqRpkV5kGXqlucJZDT+csarmE=
ztoeuY9Z582fzVOcRhhXhTT2+FW7pmre2fVRTaACL1wk9Cthy7Qv0x56da88uq71TzOHC6Hn7tEXrmI=
Yzvi+uEBhEkSZfJDg3bVGoYgOMJxdxrhIlhu8h+NTGC/inBoGUOqRpkV5kGXqlucJZDT+csarmE=
ng+NpWbdRjbjstfmFMxHumg6Z3rDd9H5CsiFEKHHZBeC024ILi0zFs+teriNk0pc3iQvRR4feuA/nsJNiXUDCYXuUAOv4leVPWtOeEmYXL4g8/TCS5OfiE/r8+aoHVH4OlNU/wsL11fIuYS0gJWkpb39RSthgqg1FGaPkVMEupRnLIgcuq/22MZ+5NvTSBSG8QUJM9SYhbkrm1qEJf3FDCFP9Jqbc/IC4KkBQ+lXD99AzZmu7A==
rAYAchgsPmolUNnJ2lw+zFsqGfaLG3LOwIiN+0FNbHGDDcqSvBGZvWcuY1ihIMHdvZWQtDkHUm3zSxPotio0JfP4XI7Z/ilzsAZuDYoLmRGibL32dFzZ/v5XG1D8IalB7zwVLjvrm9lc70OV8Xa3gGsmTOHppzRi6YyiG3Actj2sLdFvVEX8mVNc/oXyGq+sk7N2LAX46ZfcmjuEyHp1LslsLcsug0sca8ZB/stLx5yu6w==
MIkSn8ywWeHqIoiBjz4iT1sqGfaLG3LOwIiN+0FNbHGDDcqSvBGZvWcuY1ihIMHdvZWQtDkHUm3zSxPotio0JfP4XI7Z/ilzsAZuDYoLmRGibL32dFzZ/v5XG1D8IalB7zwVLjvrm9lc70OV8Xa3gGsmTOHppzRi6YyiG3Actj2sLdFvVEX8mVNc/oXyGq+sk7N2LAX46ZfcmjuEyHp1L8lsLcsug0sca8ZB/stLx5yu6w==
VI5owWo4MqTc6F1UabKJzjT2+FW7pmre2fVRTaACL1wk9Cthy7Qv0x1/da88uq71TzOHC6Hn7tEXrmI=
qPXhJieGcz41+huRR1U1fYYgOMJxdxrhIlhu8h+NTGC/inBoGUCvRpkV5kGXqlucJZDT+csarmE=
qxDzmw5RRFc/F3B9tbd8KGg6Z3rDd9H5CsiFEKHHZBeC024ILi0zFs+teriNk0pc3iQvRR4feuA/nsJNiXUDCYXuUAOv4leVPWtOeEmYXL4g8/TCS5OfiE/r8+aoHVH4OlNU/wsL11fIuYS0gJWkpb39RSthgqg1FGaPkVMEupRnLIgcuq/22MZ+5NvTSBSG8QUJM9SYhbkrm1qEJf3FDCFP9Z+bc/IC4KkBQ+lXD99AzZmu7A==
x/7WYwuYmxU4agVaboq7yFsqGfaLG3LOwIiN+0FNbHGDDcqSvBGZvWcuY1ihIMHdvZWQtDkHUm3zSxPotio0JfP4XI7Z/ilzsAZuDYoLmRGibL32dFzZ/v5XG1D8IalB7zwVLjvrm9lc70OV8Xa3gGsmTOHppzRi6YyiG3Actj2sLdFvVEX8mVNc/oXyGq+sk7N2LAX46ZfcmjuEyHp1Ls5sLcsug0sca8ZB/stLx5yu6w==
mPoYSAUzn1V7YaHW5szaFXwzHmTrjZqya6Pu+qhWQIUzSd1+/+mmTcsJAHz6YnrvjUhL65Ck/ZQ8K3WwQ1v0zF4j3K+zoMR8M+tu/BgVJMdTvNo3plh1U58PkQaOSADmhaJw5PmD4sYa8U8mW5cpRPY1Q2yhPEMeWEGp7ogDmFZKMX/2lHWpBx/fwXw3m9CVnbR/4MJfig0bFQuvCPAsfsGWaRn9rK1GASlIT0j2/nja/u+/jff+nFLCqxrbAv95eCio6tqo7I1Ch1cOTVa4FmchPfYI8qHZ3E+BhHGLH7/8nv4vrKbX2rwE7hM6kJTVVnqgVZu4bNlYcBpvtFMKBQWFaXnABqQ0d2E0yipgIcfA5IkjFOFn1yPV9AmEaaVZCiEQfmBl3vzTd67PWSP1gK5MSwZw+lQIP4eau/snGAwMmebVW3WI0K5NYEMztYmX2Vwo6CdBBz2tVw82cPUUZc3dVStxotj1pAZ/EcPk6tS3TLgcyo8mmBbedFtj6OTGweUZM8T4tXlbO+oEtV2VzHFvAJqrkqLCMMmRw5m3v5+w7Ymu/A==
eJ6+iXDIGThpsMRLixeHJ3YE3SD07GfQzccMXwKcYULcZPv6pV7BBbgR2wc+7KmgJIGiQ9XL6gtS5/dsqQDyavo/tOYL5mbllFVmoeuT+VF8VwC008sJo+e2eMSWfgMu9mR/D2RejH25li07v9xQ2eUMB9DlRo7t315+T86OjH05NtI5b99JkzdMQbcGzbtYWYDks6wVDTl9n/78OmbHmm8Z+6CrXhclvn8+2uhg/BLJ36sb2MSE7t0qLU6pob5k7iqc5CpVFMuhvjv6bk7BzZuWrh4HQUrj9zSHB4knehJ4ryoqUUIqiBijTDwCTfCWBjU9VMqBjtxs30IfXN3DyS+5hkpi7CEtwvpcTPef5givQzINQc81+YI5cmWzQQwtFn5madjkxXtY/y8P45iIoG1mVhZyUOmr7IsNa07UytWgFR05Tgj4AZbzRRlfz3+wjoiBraGlO/t5hoZ5gv1LUdOr9y5ebTKKiaG1SHxMEaAefGxjgMDAcgLrlaSyHgepX/OCtHOhDXccNMNxQ5RXgyb6jX6E2ibl5/Nvu6mHtuGPrvo=
eJ6+iXDIGThpsMRLixeHJ3YE3SD07GfQzccMXwKcYULcZPv6pV7BBbgR2wc+7KmgJIGiQ9XL6gtS5/dsqQDyavo/tOYL5mbllFVmoeuT+VF8VwC008sJo+e2eMSWfgMu9mR/D2RejH25li07v9xQ2eUMB9DlRo7t315+T86OjH05NtI5b99JkzdMQbcGzbtYWYDks6wVDTl9n/78OmbHmm8Z+6CrXhclvn8+2uhg/BLJ36sb2MSE7t0qLU6pob5k7iqc5CpVFMuhvjv6bk7BzZuWrh4HQUrj9zSHB4knehJ4ryoqUUIqiBijTDwCTfCWBjU9VMqBjtxs30IfXN3DyS+5hkpi7CEtwvpcTPef5givQzINQc81+YI5cmWzQQwtFn5madjkxXtY/y8P45iIoG1mVhZyUOmr7IsNa07UytWgFR05Tgj4AZbzRRlfz3+wjoiBraGlO/t5hoZ5gv1LUdOr9y5ebTKKiaG1SHxMEaAefGxjgMDAcgLrlaSyHgepX/OCtHOhDXccNMNxQ5RXgyb6jX6E2ibl5/Nvu6mHtuGPrvo=
mPoYSAUzn1V7YaHW5szaFXwzHmTrjZqya6Pu+qhWQIUzSd1+/+mmTcsJAHz6YnrvjUhL65Ck/ZQ8K3WwQ1v0zF4j3K+zoMR8M+tu/BgVJMdTvNo3plh1U58PkQaOSADmhaJw5PmD4sYa8U8mW5cpRPY1Q2yhPEMeWEGp7ogDmFZKMX/2lHWpBx/fwXw3m9CVnbR/4MJfig0bFQuvCPAsfsGWaRn9rK1GASlIT0j2/nja/u+/jff+nFLCqxrbAv95eCio6tqo7I1Ch1cOTVa4FmchPfYI8qHZ3E+BhHGLH7/8nv4vrKbX2rwE7hM6kJTVVnqgVZu4bNlYcBpvtFMKBQWFaXnABqQ0d2E0yipgIcfA5IkjFOFn1yPV9AmEaaVZCiEQfmBl3vzTd67PWSP1gK5MSwZw+lQIP4eau/snGAwMmebVW3WI0K5NYEMztYmX2Vwo6CdBBz2tVw82cPUUZc3dVStxotj1pAZ/EcPk6tS3TLgcyo8mmBbedFtj6OTGweUZM8T4tXlbO+oEtV2VzHFvAJqrkqLCMMmRw5m3v5+w7Ymu/A==
eJ6+iXDIGThpsMRLixeHJ3YE3SD07GfQzccMXwKcYULcZPv6pV7BBbgR2wc+7KmgJIGiQ9XL6gtS5/dsqQDyavo/tOYL5mbllFVmoeuT+VF8VwC008sJo+e2eMSWfgMu9mR/D2RejH25li07v9xQ2eUMB9DlRo7t315+T86OjH05NtI5b99JkzdMQbcGzbtYWYDks6wVDTl9n/78OmbHmm8Z+6CrXhclvn8+2uhg/BLJ36sb2MSE7t0qLU6pob5k7iqc5CpVFMuhvjv6bk7BzZuWrh4HQUrj9zSHB4knehJ4ryoqUUIqiBijTDwCTfCWBjU9VMqBjtxs30IfXN3DyS+5hkpi7CEtwvpcTPef5givQzINQc81+YI5cmWzQQwtFn5madjkxXtY/y8P45iIoG1mVhZyUOmr7IsNa07UytWgFR05Tgj4AZbzRRlfz3+wjoiBraGlO/t5hoZ5gv1LUdOr9y5ebTKKiaG1SHxMEaAefGxjgMDAcgLrlaSyHgepX/OCtHOhDXccNMNxQ5RXgyb6jX6E2ibl5/Nvu6mHtuGPrvo=
eJ6+iXDIGThpsMRLixeHJ3YE3SD07GfQzccMXwKcYULcZPv6pV7BBbgR2wc+7KmgJIGiQ9XL6gtS5/dsqQDyavo/tOYL5mbllFVmoeuT+VF8VwC008sJo+e2eMSWfgMu9mR/D2RejH25li07v9xQ2eUMB9DlRo7t315+T86OjH05NtI5b99JkzdMQbcGzbtYWYDks6wVDTl9n/78OmbHmm8Z+6CrXhclvn8+2uhg/BLJ36sb2MSE7t0qLU6pob5k7iqc5CpVFMuhvjv6bk7BzZuWrh4HQUrj9zSHB4knehJ4ryoqUUIqiBijTDwCTfCWBjU9VMqBjtxs30IfXN3DyS+5hkpi7CEtwvpcTPef5givQzINQc81+YI5cmWzQQwtFn5madjkxXtY/y8P45iIoG1mVhZyUOmr7IsNa07UytWgFR05Tgj4AZbzRRlfz3+wjoiBraGlO/t5hoZ5gv1LUdOr9y5ebTKKiaG1SHxMEaAefGxjgMDAcgLrlaSyHgepX/OCtHOhDXccNMNxQ5RXgyb6jX6E2ibl5/Nvu6mHtuGPrvo=
bjQIugFiIRQmydDcX2F4AzT2+FW7pmre2fVRTaACL1wk9Cthy7Qv0x5/da48uq71TzOHC6Hn7tEXrmI=
15+DimWODF/6uQxyPMCgKYYgOMJxdxrhIlhu8h+NTGC/inBoGUOvRpgV5kGXqlucJZDT+csarmE=
bjQIugFiIRQmydDcX2F4AzT2+FW7pmre2fVRTaACL1wk9Cthy7Qv0x5/da48uq71TzOHC6Hn7tEXrmI=
15+DimWODF/6uQxyPMCgKYYgOMJxdxrhIlhu8h+NTGC/inBoGUOvRpgV5kGXqlucJZDT+csarmE=
u6DTZMwFRAn5XpTWnaxSojT2+FW7pmre2fVRTaACL1wk9Cthy7Qv0xx6da08uq71TzOHC6Hn7tEXrmI=
3M1PbveIpvb0EkluoBxCGoYgOMJxdxrhIlhu8h+NTGC/inBoGUGqRpsV5kGXqlucJZDT+csarmE=
u6DTZMwFRAn5XpTWnaxSojT2+FW7pmre2fVRTaACL1wk9Cthy7Qv0xx6da08uq71TzOHC6Hn7tEXrmI=
3M1PbveIpvb0EkluoBxCGoYgOMJxdxrhIlhu8h+NTGC/inBoGUGqRpsV5kGXqlucJZDT+csarmE=
E4HytDfgY0gSB3wCqIfJpTT2+FW7pmre2fVRTaACL1wk9Cthy7Qv0x96da08uq71TzOHC6Hn7tEXrmI=
LcjmLxVYDbrNr/qcsRGhO4YgOMJxdxrhIlhu8h+NTGC/inBoGUKqRpsV5kGXqlucJZDT+csarmE=
E4HytDfgY0gSB3wCqIfJpTT2+FW7pmre2fVRTaACL1wk9Cthy7Qv0x96da08uq71TzOHC6Hn7tEXrmI=
LcjmLxVYDbrNr/qcsRGhO4YgOMJxdxrhIlhu8h+NTGC/inBoGUKqRpsV5kGXqlucJZDT+csarmE=
E4HytDfgY0gSB3wCqIfJpTT2+FW7pmre2fVRTaACL1wk9Cthy7Qv0x96da08uq71TzOHC6Hn7tEXrmI=
LcjmLxVYDbrNr/qcsRGhO4YgOMJxdxrhIlhu8h+NTGC/inBoGUKqRpsV5kGXqlucJZDT+csarmE=
E4HytDfgY0gSB3wCqIfJpTT2+FW7pmre2fVRTaACL1wk9Cthy7Qv0x96da08uq71TzOHC6Hn7tEXrmI=
LcjmLxVYDbrNr/qcsRGhO4YgOMJxdxrhIlhu8h+NTGC/inBoGUKqRpsV5kGXqlucJZDT+csarmE=
lhYA7n0nsRZw2CcZ7fUkNzT2+FW7pmre2fVRTaACL1wk9Cthy7Qv0xx/da08uq71TzOHC6Hn7tEXrmI=
h8CNUbO/FZLGBx3oMq2CXIYgOMJxdxrhIlhu8h+NTGC/inBoGUGvRpsV5kGXqlucJZDT+csarmE=
aMxxC9wK2Z1tMxJAaaA9W1sqGfaLG3LOwIiN+0FNbHGDDcqSvBGZvWcuY1ihIMHdvZWQtDkHUm3zSxPotio0JfP4XI7Z/ilzsAZuDYoLmRGibL32dFzZ/v5XG1D8IalB7zwVLjvrm9lc70OV8Xa3gGsmTOHppzRi6YyiG3Actj2sLdFvVEX8mVNc/oXyGq+sk7N2LAX46ZfcmjuEyHp1Is9sL8sug0sca8ZB/stLx5yu6w==
9Uit/BZmTYRAA2X38OvL8zT2+FW7pmre2fVRTaACL1wk9Cthy7Qv0xp/da08uq71TzOHC6Hn7tEXrmI=
APjnysNHLY3D0pz9nk7n84YgOMJxdxrhIlhu8h+NTGC/inBoGUevRpsV5kGXqlucJZDT+csarmE=
dPJWookHVaI6eijlPfu5y2g6Z3rDd9H5CsiFEKHHZBeC024ILi0zFs+teriNk0pc3iQvRR4feuA/nsJNiXUDCYXuUAOv4leVPWtOeEmYXL4g8/TCS5OfiE/r8+aoHVH4OlNU/wsL11fIuYS0gJWkpb39RSthgqg1FGaPkVMEupRnLIgcuq/22MZ+5NvTSBSG8QUJM9SYhbkrm1qEJf3FDCFP85ubcPIC4KkBQ+lXD99AzZmu7A==
Boepyp8WqXy0SjH1byGpcTT2+FW7pmre2fVRTaACL1wk9Cthy7Qv0xx7daw8uq71TzOHC6Hn7tEXrmI=
x471UhqNr7mzygPdPaG6aoYgOMJxdxrhIlhu8h+NTGC/inBoGUGrRpoV5kGXqlucJZDT+csarmE=
v5eziVj3THX5EALbBuf+6nYE3SD07GfQzccMXwKcYULcZPv6pV7BBbgR2wc+7KmgJIGiQ9XL6gtS5/dsqQDyavo/tOYL5mbllFVmoeuT+VF8VwC008sJo+e2eMSWfgMu9mR/D2RejH25li07v9xQ2eUMB9DlRo7t315+T86OjH05NtI5b99JkzdMQbcGzbtYWYDks6wVDTl9n/78OmbHmm8Z+6CrXhclvn8+2uhg/BLJ36sb2MSE7t0qLU6pob5k7iqc5CpVFMuhvjv6bk7BzZuWrh4HQUrj9zSHB4knehJ4ryoqUUIqiBijTDwCTfCWBjU9VMqBjtxs30IfXN3DyS+5hkpi7CEtwvpcTPef5givQzINQc81+YI5cmWzQQwtFn5madjkxXtY/y8P45iIoG1mVhZyUOmr7IsNa07UytWgFR05Tgj4AZbzRRlfz3+wjoiBraGlO/t5hoZ5gv1LUdOr9y5ebTKKiaG1SHxMEaAefGxjgMDAcgLrlaSyHgepX/OCtHOhDXccNMNxQ5RXgy36jXOE2ibl5/Nvu6mHtuGPrvo=
v5eziVj3THX5EALbBuf+6nYE3SD07GfQzccMXwKcYULcZPv6pV7BBbgR2wc+7KmgJIGiQ9XL6gtS5/dsqQDyavo/tOYL5mbllFVmoeuT+VF8VwC008sJo+e2eMSWfgMu9mR/D2RejH25li07v9xQ2eUMB9DlRo7t315+T86OjH05NtI5b99JkzdMQbcGzbtYWYDks6wVDTl9n/78OmbHmm8Z+6CrXhclvn8+2uhg/BLJ36sb2MSE7t0qLU6pob5k7iqc5CpVFMuhvjv6bk7BzZuWrh4HQUrj9zSHB4knehJ4ryoqUUIqiBijTDwCTfCWBjU9VMqBjtxs30IfXN3DyS+5hkpi7CEtwvpcTPef5givQzINQc81+YI5cmWzQQwtFn5madjkxXtY/y8P45iIoG1mVhZyUOmr7IsNa07UytWgFR05Tgj4AZbzRRlfz3+wjoiBraGlO/t5hoZ5gv1LUdOr9y5ebTKKiaG1SHxMEaAefGxjgMDAcgLrlaSyHgepX/OCtHOhDXccNMNxQ5RXgy36jXOE2ibl5/Nvu6mHtuGPrvo=
7gNWcIfveHujdgijCo7h12+XAWxeBIORXKDU4dm7VsT9p6cOeJNBW+ow5tx3pHdCVEiziNEYZE9Y3cXbwrjh0O3Tj/z1JMsIGtblbXHR2cGH0ZWExO0R74D5/Ngh3dAHHJILHKhCZexIJDvzzhF6FCtOsebrM1dUriM=
ei5TPufqimlfMXd1RoZyoRs2gsM5O3zJY60Db/sNzRP+FFZmXSIYd8v0uxq30Ezg7Zu5ZhMdsv4UrEWqGi+JQ6xKa34Bv8Lqs9sOo26a/cNzSbDwzVVnyYh6Iq2GpOJBbu1XWder8yZCfd6y7YFREFC8LejavCgrfHCsqqaLMVwejpsh23MGPO8xoQ+41GcpryQrS+O4ybG4qgA8g9OLg8WXqumLrv4=
GMH6VMu3G5RuQ0MsWUYbEGwc7ayO1WD3Sny+sbgPgMns2KKb8VJ4TKjaSNeOTH8WPMatwUjd8AJoJ2dCnf1+lFRkX+GMijcZsWOihs1yTb8K+EV03+FGxY/bTMk/XzkIExLrsOCbMWlAQNmKvjEYwnJPTJtd9ewrKFsDusKP+iTLftPlmpaddl31LNxnbuBkcRbommeR1ifenvtgvbSDteOOrv0=
XUNGqr6bbi7LOJBvpXM/QwQheBAOI9uCr4F4Jgsxwp+atP55aGegIfzQopPhulgkeBIIH14k3/6sTi1J2DVQarjvJ4pNlV58RGxf6ZxiF3Fhq+JOHRrtV5pwxfxPCeatXxMMAe83GeADGuu48HMRAZCImUJuWbgq4sfME80dTEP4k0NyEufazNt20+2Kfr0ejT1sFLcGQIzhnmgS93l2Tw5Wu6ht3KNd84au9Q==
2jtUh7IU1q8Xew0piwWhuLaO2RMt2ShHZojKYyFL51LMheaizgt8Wbgr8NaikeW0UB5kZBgNKjrnlEBoDav8G7gwhDlXuJnrhrYIqh+rWCxfiz0dMhypxJX9NhYlXivnTjejhbzze4mBao+cazp0/Zm7DH4J0JrHAMCOYWxxabMkmUTFs8BGGYKGFzATL86wdWRRCzzGg1i4ps14CDATF15VckCL2nniu1f/gK73
+i9Mt2/BMfIapwcF9NKP9wgtXOOegnznC91Wao5DjAGY0+Deopn1THBGlCxYxZpiByzQ4I0jbKPY6DRxl3DpM6bOGKIfo0hUf1NN1fJUGRz1Raaepda7X65vE038u4vRoZKflGsyZAW54/w2SRgqn+B4Huns+fkLREH0jXMINsGi/gc4EyfeyFW8IcP8jjOA2B5d8Ii4g6++DcKIy5KJupuv74iu/w==
SsgjI7CNOVIqsAk8EtTUX1A/iMRpL3nSertQKOEW2gb+FFZmXSIYd8v0uxq30Ezg7Zu5ZhMdsv4UrEWqGi+JQ6xKa34Bv8Lqs9sOo26a/cNzSbDwzVVnyYh6Iq2GpOJBbu1XWder8yZCfd6y7YFREFC8LejavCgrfHCsqqaLMVwejpsh23MGPO8xoQ+41GcpryQrS+O4ybG4qgA8g9OLg8WXqumLrv4=
z2BL9Ylo3/lA39YdUoShdQgtQe+YkGfuO91Wao5DjAGY0+Deopn1THBGlCxYxZpiByzQ4I0jbKPY6DRxl3DpM6bOGKIfo0hUf1NN1fJUGRz1Raaepda7X65vE038u4vRoZKflGsyZAW54/w2SRgqn+B4Huns+fkLREH0jXMINsGi/gc4EyfeyFW8IcP8jjOA2B5d8Ii4g6++DcKIy5KJupuv74iu/w==
iaRZRq/QIoUimoqvCxG7RxB7w1Kv3QGxzlRObKZDJWbnaNBz8pDeBXBTsC301KKP2a4oCFB26CMG0I+yZArtlaDh4AZQS4d21SHO8Mzo33Uk9ufdyU+C8sVuPZvStIWgt13WQTc3LH33AwnsCx7rpMhnYS247Hl+Nq3oZiqDDM+1yfwvEDfjjopTSkBT8lNxMupNsiXZDKhvcpBAqVooTg8tRqNmcpvUdeizUfuCruk=
9erOJEA2uFiDauvha2eHjZ8lUNn5/0uyXMY4LRuxjkbub5RtqN/40qKV7UBAKowAOOlCDjfgiKxNbzRvaITs3ffccV8WQoAuny/Q2M8/1XmS+MFwRYn+0mWa45OeA8thnJeTvZGeh5hrPnwJiY/kGik08vPQtEalLLWhx/QtLCETpK6tEnKftJOrRkTl0LlvnCLr7GjSBbxI9NtjjmEapKu+kdaro/eErvM=
26A0b54c+y4qLujnmXtV0p4sTc7//AKgDMgkJx7wugjidZx4qN/40qKV7UBAKowAOOlCDjfgiKxNbzRvaITs3ffccV8WQoAuny/Q2M8/1XmS+MFwRYn+0mWa45OeA8thnJeTvZGeh5hrPnwJiY/kGik08vPQtEalLLWhx/QtLCETpK6tEnKftJOrRkTl0LlvnCLr7GjSBbxI9NtjjmEapKu+kdaro/eErvM=
uQhZoOnCi5XtGTJm5mOy3dG70I+EsA6KxURPr7Y22NeMyQs5SvgaglyK23QIqlWUyNwLm275Kgzr1uHOC5snbK4b
LYiVgA3pSuO8Zweqv8Pi0jT2+FW7pmre2fVRTaACL1wk9Cthy7Qv0x94dak8uqT0TzOHC6Hn7tEXrmI=
HxsOSWnnvQjqZQ1Sq+dpZ4YgOMJxdxrhIlhu8h+NTGC/inBoGUKoRp8V5kuWqlucJZDT+csarmE=
LYiVgA3pSuO8Zweqv8Pi0jT2+FW7pmre2fVRTaACL1wk9Cthy7Qv0x94dak8uqT0TzOHC6Hn7tEXrmI=
HxsOSWnnvQjqZQ1Sq+dpZ4YgOMJxdxrhIlhu8h+NTGC/inBoGUKoRp8V5kuWqlucJZDT+csarmE=
LYiVgA3pSuO8Zweqv8Pi0jT2+FW7pmre2fVRTaACL1wk9Cthy7Qv0x94dak8uqT0TzOHC6Hn7tEXrmI=
HxsOSWnnvQjqZQ1Sq+dpZ4YgOMJxdxrhIlhu8h+NTGC/inBoGUKoRp8V5kuWqlucJZDT+csarmE=
uqW4sw5HKKIpdVAini7K9lFGMdc+5mDc+eRQFIbhfjcMhdtOU70ePEZFLHynjmBEMXbo+iexVscePvvA/dQDlSNurh0=
ZAGhPBGGQL+rzC6iWsqqIx+uc/tIdCC7oi1e1YGxc7/9P09szyysZLHlSTydZ6XYzx2OcuYwFePd78MPnCVtrhg=
LYiVgA3pSuO8Zweqv8Pi0jT2+FW7pmre2fVRTaACL1wk9Cthy7Qv0x94dak8uqT0TzOHC6Hn7tEXrmI=
HxsOSWnnvQjqZQ1Sq+dpZ4YgOMJxdxrhIlhu8h+NTGC/inBoGUKoRp8V5kuWqlucJZDT+csarmE=
sxLbkHBkNxgpMDInT/F5slqx+kifPJNZyHKlMnTwpCs591BZNwyE/dZyuDP8LnOgWH4dVY4YQ08+LQIoy/LJ2huPL2iuHw==
IJH+h9sUQA4RI3PKjWmqfnySGDaf5SMQ+2UWO3F//AhVC3Oc2gaKjyJzGhLyc6vRHGezjdEOJ0hr7tyZyb/E6qmEkoOQJKZ1LOXBVzTdzJGT1I6d0uI/5JP75tQl4JkfHJILHKhCZeZOJDvzzhF6FCtOsebrM1dUriM=
wuNn97FSt7iiA83nJh5mUnM1mRjFp93noeDaZE02kZyGhEg/f/eJC6qevwaHPwDAybzEWmB9AfUsh/dWcHt+oPQd7CSXlgCcgeRuYpdpNt8uZjuYTUxjTRN2rgU=
YekE/HKsEyCGCMynfewlhgNa5PIeq3ADdE8tZlrmybgZBhoS2M3LiTHhBvgfpOOR6Hq1CjQINKPZv2BBNxS0tTb6KMu8FmOoeLZtwg6AswceJRIQC4pZUntHH3CuBw==
PKalb5jdEDRPjJSl4PfjjSppy9cvmVEZQ08tZlrmybgZBhoS2M3LiTHhBvgfpOOR6Hq1CjQINKPZv2BBNxS0tTb6KMu8FmOoeLZtwg6AswceJRIQC4pZUntHH3CuBw==
yjrE0kfDTGo3RJBxTujBwhd+YCxRRiViWuLBrAkSMvb4qeNdYbXOPF9gK8W4rh1ulOycN0kr6MW3kDwhpm6ALxxyy3wo4qUGTkR7U07xOnQrbnFGa1MXdK4D
KyZiI5IWM5VZDgxtz7/w5/aEJ1eNrSoBhh6IHc/VDwesVF1eWt65kPkuSkoYFZvhkQm2gJ9cU/lIkmVSdNDki7mXkHk3LESdVtL4E/xOs0DY3t06jvgD775NQsjL0gl6m29vSK4/
O4F0aQ2dCuGTxLORdV/DczfV4vL36NM2V8nVOpp5U2epHx8aHX/Ntemwg0BOVRSlRuRRb28l1JRFTytcOzqu3ahyWBdPYmB6teI6BHXdVcwx70ue6xXiwnpI0cPZN3+fcG1Jrjw=
pKkM+Fln83cOn0DV/7pscWciLFTLIy7LMH+yx5yI5QETUW8VmN7kWj9CoxLwSA3Em1usJAx1YrJ7PYzp0+YjjJTSiviVZt6V8gR22fK9m7Hjq8fOji1CKnkhJSisjCHADnx8Q/CAENKSayVEAl5Xia/z8pSjYb0XrLRT0RNUp6M9/p2ZtJp8BHdzHxtZR+aBv67K
+dQxCzfJaiL+u0h1tC+kHO3Gqw31jDM+uon+BXMQWs7wtWUvJQdpky/bDlCkP+wtk6yVAxsnDAn68zVKXpu4hRL0S6FrNI+T9X5VaVw6xDRvM2dLQWdOEXeuAg==
t2s7zkmebnuQh0ahw1eWuC/O4PUwNKDVFRghuAix0xWynNv7vPYjCPjWreIOoPPnnoXScAuqGbL7598Qrmc=
t2s7zkmebnuQh0ahw1eWuC/O4PUwNKDVFRghuAix0xWynNv7vPYjCPjWreIOoPPnnoXScAuqGbL7598Qrmc=
0h5vtrF0Gk44BhAfKT7QDDZxA/6bTGIXJDojZgbS0hZVSmaaYh6w2ngrJMXdh9fLPJH3udk7Vv1SV+rIo7xJ+JHoDmGv15lAQzrrmLDTkeHQ6Jmirjk4iiLnzDMNvcwjOHNDElIHWmybVtPNyt49/s1dbPR3ZsAsIbRuMjfZ9i/OtrvILTwj/bOmrtU=
