KioxTWQ7pzcBVXx5E1R5xKK6fAoq+ZmDq9ORmGd+jS8jziXE81Q52opDobMia2DWaC8Wb2YijgDmOh9daYVDy6FGPukaXYOB+6vf/pbNqhoxYW14BGzZULb8BNNIIPgCWittNCp+T3m38+rku0GV52R0G4F79B8zy3slC8363tW/s9crMSf+saeu0g==
UtaCOvtka6FsowAkIRyBoDAaTy/e2QC91MouqagsOIT6VrGr9b21Yfij8I9mJvNsZNK62MUmrjVChOY5In2rkfOr1+6+7ZLK6aGViNzMceA+fIyjIECgsuLrteTSnqdpv/Pi9NMh7bc8NKMxoxT3w0P7rbtlWoalx/OPewkH1qGvrto=
5ZxCq/LsRqShhlJWdjYjupObfxYlq3jof/29q1sf4EzxJO1JMAg+X2dB/fCSeYqfK+2MmQMgLOfd76mCPXk0QXbIrnKjNEUWm78HFTcFsrMbSAauQbhu8vBMd+5MMSjUbN3gVdnFWSt9uszFUC5j8f+MPgTDdHRchneSyMJ2CPv/gFA2VX2Vs0hgIQnv03akSfXBHMUXyVvnr1eSZCGto4Wfy6+k9YWu8A==
b9hE3WDTRIsZmvaW1foL5qc8o8LyeLSzEnqX53bs8abp7Ce/66rYzYpSwstiN1JGoieD9TxDm5nBGi9Ma+rUjdmr7M6JoLrXwHDuMWyhiQNkiWQ1M3AmCUJ2t2ATf25AtXQxu7w2o0j4Fi2sC2Bxpp5PUzALapny+ydfUK4n
kj655TYuVNY4My/IDYs6pmKWq/ncGEYCSRxsifk2oei7CXx7woNzMvYYGUI5KO+Ly5/QyZo2qr8iQzoiMqMLQZz3U10R/se4ax48aQlvJHopFDJTUBSGRSzV4Wd0jWwBE0TuzZKSX5STi4akZbD5j5wCq0zockXYSxQZwg7L24Sr3lE2K8O3pK7T
aWoZKtS259XXjmfDeJ/5eGKWq/ncGEYCSRxsifk2oei7GHR1xIxyYPYYGUI5KO+Ly5DQyZo2qr8iQzoiMqMLQZz3U10R/se4ax48aQlvJHopFDJTUBSGRSzV4Wd0jWwBE0TuzZKSX5STi4akZbD5j5wCq0zockXYSxQZwg7L24Sr3lE2K8O3pK7T
teIr8RHq+/tL9oP7ZS6DYMwjETBLwNMbMbLerdPqjHyNYYi+wsLj3cwcblYNWMpLaZbivtoMORbGiY70doyxBmkM55/rxZhtCrIC62IXEiYih0MVPGPb+UG676xrChQtWcus7olAendAEK4RbIFJ4+QpJFUzUObpwtb3ABMfLuA1lPGbvFbj6Hj27YwLQDHGHu+T0AtK2ZJ7h5+wrsc=
Jxb3R9LWWmT4NO5gc/AJC18kLBlgNJPxrewOUdQyX0GSFE/yaoTBFvv/p5WXRdKz849kLuF4TvKQjJdu7HEI1EydgNU5BXkrXXosRTBuQ/HfzJ6EI7QUXKa3Mkiituj7n8DwtvU99bOooIGJTxOWpCm1IZxlV+lbB+83EsThjaOlXysvxLWlrtA=
A2kfe5qX6gZ0p5DgZGgpo4zsNBpHqiwVBGUORgpFIigvxlMcV60XFEMyruR2nJH2qVyHL2s9OT1KguL7YgdyFuJX42W80zspAcrPvGsaNF0ZG0xeCTDap4AgzgFskanTpHmEpbPghrkCJtcQEw8OEPXEkSs8pkO4OMYNnAtQUfbePzOgi/o5Qjv3v6Cu1w==
/XEgqOfk9nY5bTe0k4UNPP+pdho28ZrQsdGPiHQ5kQwjwyWrlTpQwINWubsdXU2xIGNDOz5GmxzsUjJobYZ2xbpEPukaXYOB+6vf/pbNqhoxYW14BGzZULb8BNNIIPgCWittNCp+T3m38+rku0GV52R0G4F79B8zy3slC8363tW/s9crMSf+saeu0g==
FNT3wIVQ4RJKUHmf9uaiaOSdns6KzbJQT57j1IhvqZ4mQb7sdpSBzomEd+er94llKvpyc+KP4u4Cj1Mt/JtLcSHy37RrEiRlOUM8Fkl4an9g2F6J7Bk5q8QhNG1zKHZhIh7HGBMHHijVHGHj/G7z4Fi+nRSL2MEOPueD6MuySRobz6+ort8=
10JXWplAKG6SoPeBT78bwG9KpL9Zp5qHYerqRzXGqBbz77/1/zWq86LdzI5ZyMZyGHxvjgSh0BR0raj1IRVxK1VqNGUYXnsxBxx2ZNtEnNwuB4roCuawu+ewmNbtLf2zoLCZaafjbmTxZYk83edh24+fT3KssdXjnW8DD9ylra7Y
zTuwm3zOYT/cBTuX/SILYv7mjhastxFN9zoJFDdtZMfLhIMqAN+n0fszs5t25RZ49gApatnAP7OL4YBhOt5aJ6LbSkqSC9u5XM8DNXHW96BrBgxBaQd0Quns4vvwfPbdrE0Rj9QlPHlTfD4lcrpvjJOTtoyFWCm33Hr75EiatUDLjGmqrmMLfGvmAV5L64e8rss=
NDDSCAkIEYOjmvMTquev9lMlIBR5ddq5svtXXJhtAxOQDQ7yaoTBFvv/p5WXRdKz8o5kLuF4TvKQjJdu7HEI1EydgNU5BXkrXXosRTBuQ/HfzJ6EI7QUXKa3Mkiituj7n8DwtvU99bOooIGJTxOWpCm1IZxlV+lbB+83EsThjaOlXysvxLWlrtA=
ICNINLzNHNvjGHZNs0BG06ajww2EWweqsgwL2RHNkjwafWvrfdCE6bxAszev0BgyQvjqt/llHsKrfEgxuwpVqG599Fz5iCmcWL6oX56HhMdEI3i+C3fkTu14sUvTiiCPgFG1wYHLq93iQS2fOF5Jf7dWYcvFfSVBKCPOaxnm4wzU0sp41WYeFTIENlmyvdsxI6sHTs4tAqo5IeWobIxhQE58PMMwgNBS0mtlxEJelwlv87IU42F9l2y0k1FTVOcj8/tdG3WaNoU3c9+bmUcmAf+uig==
00oFueTqakdP2v/w+PEnM1Ry14mvaveostSSetlT8XXrBEwA3OodxVr48sfhRTYy47yAYVOq7TgW/UzMAeiBTBB+4G9255z3XCNgjhMXDH6luPmbe+rYHzjRzVE5a0ONKoFlbxB+UQ+vVnk73V0NMeBjgb1xRlucLFJy6K2GtkX6RP5p2l3DATurH37WzWqa8WEt+MRsGdD2/MRTiCC4gporrbRqfo/5d/OqZPtBVWckdFsBu/Rfs4t75YuN+p5Vf7OXq3EnPjHnrpI=
vD+sjRWkOEXywM8StsTHHeOVmmoBJ1mCwis8sdal4PbvXGBt/8J1s5PubzZEIeLLzRH/Ub/xDZYxGUoOhdq2cg180fpT7VsgMwiiVKaJwomOvLoR14es7VdzyTxrLuu06JchfVhc+e6W3Si2SrMM35U5vH/wh2MeKiOKkDPCU2ESGg3ixWmMOM8CUJDJbiteLdwG+YfCG0TVmHOBm7Ku+Q==
vLpc7YZneTQla9WQCZgFwWuo6Zlg9sDpvPzXueuyQLV146XzNqqqNlhZN5Z/d1sFO/1205Tdx549sIoyVMTLHoApLPSoZWzFBQ19K1lyEFXclqfR+5Ty9H/80Jxif+74Du6Mmzt4XCYJtXEzLCj9GeOrMkTNbY0sOR+tG0Mn6+IoOamDwSdHP/i9oa7U
oL+6B6bSfy83Yh+hfTja/vqAhOXohiQhQr2WVPLmzzuxpytTv8q2Wl0EcXKjNRtPIjFCnBYRQiFeRJoZp99sBcfLqXRbNuucuO+B9aiEuYaG5ch++iuMd0XBnHeA36P2upvq2APaU0lCYq1qNbHMUN86sFh59qv2/SQm8fea26xFIBPJq6qu0Q==
IpmLzIC5IHLW1asZ9DITlIv68W/98WpjgtI2LjVoITb7aTtYKj1yuC4tgpX26AqdP0OM0Q8HWZCjyutoUANRMXBYGRIOaXjaQpfMQ23tjHOYw8Oi8teavHum0z0qDv0ube3sRNc2gHxBymtCVYi2dW8GO3iN7OMtU1auJQ==
HaBLSIZvXp1Q6PImBNtI61NZ4ZiKEgDgs1aJm82dnVGw47bcwIZr/PxSIkhdRsZlCsSuSUod0+GLq6+exo36uqHh3di0rOlwpvwUM7jgCOKqq/3U+r6fWYfz2sTrAcWH9PRr4Qu0b1PbezUr/bpudQ8zR4vh5y5RV64i
jk4+zdSLOrXqVSwbKAyE+Yn68X7/525jgtI2LjVoITb7aTtWKj1yuC4tgpX26AqdP0OM0Q8HWZCjyutoUANRMXBYGRIOaXjaQpfMQ23tjHOYw8Oi8teavHum0z0qDv0ube3sRNc2gHxBymtCVYi2dW8GO3iN7OMtU1auJQ==
ZQpXv9Nwc4lsjjPspo+atVNZ546WDwDgs1aJm82dnVGw47jcwIZr/PxSIkhdRsZlCsSuSUod0+GLq6+exo36uqHh3di0rOlwpvwUM7jgCOKqq/3U+r6fWYfz2sTrAcWH9PRr4Qu0b1PbezUr/bpudQ8zR4vh5y5RV64i
CpsRmuie6R2KjK0GMpF3+lNZ5piECgDgs1aJm82dnVGw47HdwIZr/PxSIkhdRsZlCsSuSUod0+GLq6+exo36uqHh3di0rOlwpvwUM7jgCOKqq/3U+r6fWYfz2sTrAcWH9PRr4Qu0b1PbezUr/bpudQ8zR4vh5y5RV64i
P8TQVoZDDrd50OFBqBJTRVpNYWhhDIQ5FscmR6mr5pIWOmcxUm0sAN5/bmB+xcwNXKxdm2poSi3Ufq2N2oRmPsUgMrIsVHP+aPlktOBVRCUdPWUrQUIItfSm75GzRBoUx2yoHNrvFlimvsTb84i0BhHFaTM02OU5i9t6hAW9JYxBjxWbu7dTgkBpYUMJF29f4I25rsw=
oKRL+dVIOSH9klV1EKIPOHQQhCwn1ZZ5htS6tNrgtXVFKLLeJqkwSZYfb8qKJIlV4N3hsZKvRShsY3k2usT7M2sYMeC0AUCUhE14NRE1YStFSgSlyL6LsZe8xiSLJOzcHidaKPoGIDtXEMiWnU3ts7BQaal3Q97kYQX5fI3HUNt/f5+yHBFFY+0PU0/shb2uyA==
Eijk1Ru/HaQYL9/At0Ly8nQQhCwn1ZZ5htS6tNrgtXVFKLLeJqkwSZYfb8qKJIlV4N3hsZKvRShsY3k2usT7M2sYMeC0AUCUhE14NRE1YStFSgSlyL6LsZe8xiSLJOzcHidaKPoGIDtXEMiWnU3ts7BQaal3Q97kYQX5fI3HU9h/fZ6yFhBFY+0PU0/shb2uyA==
oebtJPI9vA1XxNzzawCnczZxA/6bTGIXJDojZgbS0hZVSmaaYh6w2ngrJMXdh9fLPJH3udk7Vv1SV+rIo7xJ+JHoDmGv15lAQzrrmLDTkeHQ6Jmirjk4iiLnzDMNvcwjOHNDElIHWmybVtPNyt49/s1dbPR3ZsAsIbprMjbZ9i/OtrvILTwj/bOmrtU=
